Archive member included because of file (symbol)

C:/Freescale/CW_MCU_v10.6/MCU/ARM_GCC_Support/ewl/lib/armv6-m\libc.a(exit.o)
                              ./Project_Settings/Startup_Code/__arm_start.o (exit)
C:/Freescale/CW_MCU_v10.6/MCU/ARM_GCC_Support/ewl/lib/armv6-m\libc.a(memset.o)
                              ./Project_Settings/Startup_Code/__arm_start.o (memset)
C:/Freescale/CW_MCU_v10.6/MCU/ARM_GCC_Support/ewl/lib/armv6-m\libc.a(printformat_.o)
                              (__pformatter_)
C:/Freescale/CW_MCU_v10.6/MCU/ARM_GCC_Support/ewl/lib/armv6-m\libc.a(scanformat_.o)
                              (__sformatter)
C:/Freescale/CW_MCU_v10.6/MCU/ARM_GCC_Support/ewl/lib/armv6-m\libc.a(ctype_aeabi.o)
                              C:/Freescale/CW_MCU_v10.6/MCU/ARM_GCC_Support/ewl/lib/armv6-m\libc.a(scanformat_.o) (isspace)
C:/Freescale/CW_MCU_v10.6/MCU/ARM_GCC_Support/ewl/lib/armv6-m\libc.a(__strtoul.o)
                              C:/Freescale/CW_MCU_v10.6/MCU/ARM_GCC_Support/ewl/lib/armv6-m\libc.a(scanformat_.o) (__strtoul)
C:/Freescale/CW_MCU_v10.6/MCU/ARM_GCC_Support/ewl/lib/armv6-m\libc.a(__filll_mem.o)
                              C:/Freescale/CW_MCU_v10.6/MCU/ARM_GCC_Support/ewl/lib/armv6-m\libc.a(memset.o) (__fill_mem)
C:/Freescale/CW_MCU_v10.6/MCU/ARM_GCC_Support/ewl/lib/armv6-m\libc.a(memchr.o)
                              C:/Freescale/CW_MCU_v10.6/MCU/ARM_GCC_Support/ewl/lib/armv6-m\libc.a(printformat_.o) (memchr)
C:/Freescale/CW_MCU_v10.6/MCU/ARM_GCC_Support/ewl/lib/armv6-m\libc.a(memcpy.o)
                              C:/Freescale/CW_MCU_v10.6/MCU/ARM_GCC_Support/ewl/lib/armv6-m\libc.a(scanformat_.o) (memcpy)
C:/Freescale/CW_MCU_v10.6/MCU/ARM_GCC_Support/ewl/lib/armv6-m\libc.a(strchr.o)
                              C:/Freescale/CW_MCU_v10.6/MCU/ARM_GCC_Support/ewl/lib/armv6-m\libc.a(printformat_.o) (strchr)
C:/Freescale/CW_MCU_v10.6/MCU/ARM_GCC_Support/ewl/lib/armv6-m\libc.a(strlen.o)
                              C:/Freescale/CW_MCU_v10.6/MCU/ARM_GCC_Support/ewl/lib/armv6-m\libc.a(printformat_.o) (strlen)
c:/freescale/cw_mcu_v10.6/cross_tools/arm-none-eabi-gcc-4_7_3/bin/../lib/gcc/arm-none-eabi/4.7.3/armv6-m\libgcc.a(_thumb1_case_sqi.o)
                              C:/Freescale/CW_MCU_v10.6/MCU/ARM_GCC_Support/ewl/lib/armv6-m\libc.a(__strtoul.o) (__gnu_thumb1_case_sqi)
c:/freescale/cw_mcu_v10.6/cross_tools/arm-none-eabi-gcc-4_7_3/bin/../lib/gcc/arm-none-eabi/4.7.3/armv6-m\libgcc.a(_thumb1_case_uqi.o)
                              C:/Freescale/CW_MCU_v10.6/MCU/ARM_GCC_Support/ewl/lib/armv6-m\libc.a(scanformat_.o) (__gnu_thumb1_case_uqi)
c:/freescale/cw_mcu_v10.6/cross_tools/arm-none-eabi-gcc-4_7_3/bin/../lib/gcc/arm-none-eabi/4.7.3/armv6-m\libgcc.a(_udivsi3.o)
                              C:/Freescale/CW_MCU_v10.6/MCU/ARM_GCC_Support/ewl/lib/armv6-m\libc.a(printformat_.o) (__aeabi_uidiv)
c:/freescale/cw_mcu_v10.6/cross_tools/arm-none-eabi-gcc-4_7_3/bin/../lib/gcc/arm-none-eabi/4.7.3/armv6-m\libgcc.a(_divsi3.o)
                              ./Sources/Events.o (__aeabi_idivmod)
c:/freescale/cw_mcu_v10.6/cross_tools/arm-none-eabi-gcc-4_7_3/bin/../lib/gcc/arm-none-eabi/4.7.3/armv6-m\libgcc.a(_dvmd_tls.o)
                              c:/freescale/cw_mcu_v10.6/cross_tools/arm-none-eabi-gcc-4_7_3/bin/../lib/gcc/arm-none-eabi/4.7.3/armv6-m\libgcc.a(_udivsi3.o) (__aeabi_idiv0)
C:/Freescale/CW_MCU_v10.6/MCU/ARM_GCC_Support/ewl/lib/armv6-m\librt.a(gcc_ctor_dtor.o)
                              ./Project_Settings/Startup_Code/__arm_start.o (__init_cpp)
C:/Freescale/CW_MCU_v10.6/MCU/ARM_GCC_Support/ewl/lib/armv6-m\librt.a(ROMCopy.o)
                              ./Project_Settings/Startup_Code/__arm_start.o (__copy_rom_sections_to_ram)
C:/Freescale/CW_MCU_v10.6/MCU/ARM_GCC_Support/ewl/lib/armv6-m\librt.a(__arm_eabi_init.o)
                              C:/Freescale/CW_MCU_v10.6/MCU/ARM_GCC_Support/ewl/lib/armv6-m\libc.a(exit.o) (__destroy_global_chain)

Allocating common symbols
Common symbol       size              file

AdcLdd1_DeviceDataPtr
                    0x4               ./Generated_Code/LDRConverter.o
LDRConverter_OutV   0x1               ./Generated_Code/LDRConverter.o
SR_reg              0x1               ./Generated_Code/Cpu.o

Discarded input sections

 .text          0x00000000        0x0 ./.metadata/.plugins/org.eclipse.cdt.make.core/specs.o
 .data          0x00000000        0x0 ./.metadata/.plugins/org.eclipse.cdt.make.core/specs.o
 .bss           0x00000000        0x0 ./.metadata/.plugins/org.eclipse.cdt.make.core/specs.o
 .debug_info    0x00000000       0x21 ./.metadata/.plugins/org.eclipse.cdt.make.core/specs.o
 .debug_abbrev  0x00000000       0x12 ./.metadata/.plugins/org.eclipse.cdt.make.core/specs.o
 .debug_aranges
                0x00000000       0x18 ./.metadata/.plugins/org.eclipse.cdt.make.core/specs.o
 .debug_macinfo
                0x00000000     0x24d8 ./.metadata/.plugins/org.eclipse.cdt.make.core/specs.o
 .debug_line    0x00000000       0xce ./.metadata/.plugins/org.eclipse.cdt.make.core/specs.o
 .debug_str     0x00000000       0xc4 ./.metadata/.plugins/org.eclipse.cdt.make.core/specs.o
 .comment       0x00000000       0x7a ./.metadata/.plugins/org.eclipse.cdt.make.core/specs.o
 .ARM.attributes
                0x00000000       0x31 ./.metadata/.plugins/org.eclipse.cdt.make.core/specs.o
 .text          0x00000000        0x0 ./Generated_Code/Vectors.o
 .data          0x00000000        0x0 ./Generated_Code/Vectors.o
 .bss           0x00000000        0x0 ./Generated_Code/Vectors.o
 .text          0x00000000        0x0 ./Generated_Code/TimerIntLdd1.o
 .data          0x00000000        0x0 ./Generated_Code/TimerIntLdd1.o
 .bss           0x00000000        0x0 ./Generated_Code/TimerIntLdd1.o
 .text.TimerIntLdd1_Enable
                0x00000000       0x30 ./Generated_Code/TimerIntLdd1.o
 .text.TimerIntLdd1_Disable
                0x00000000       0x30 ./Generated_Code/TimerIntLdd1.o
 .text          0x00000000        0x0 ./Generated_Code/TU1.o
 .data          0x00000000        0x0 ./Generated_Code/TU1.o
 .bss           0x00000000        0x0 ./Generated_Code/TU1.o
 .text.TU1_Enable
                0x00000000       0x28 ./Generated_Code/TU1.o
 .text.TU1_Disable
                0x00000000       0x24 ./Generated_Code/TU1.o
 .text          0x00000000        0x0 ./Generated_Code/TIMER2.o
 .data          0x00000000        0x0 ./Generated_Code/TIMER2.o
 .bss           0x00000000        0x0 ./Generated_Code/TIMER2.o
 .text          0x00000000        0x0 ./Generated_Code/PE_LDD.o
 .data          0x00000000        0x0 ./Generated_Code/PE_LDD.o
 .bss           0x00000000        0x0 ./Generated_Code/PE_LDD.o
 .rodata.PE_CpuClockConfigurations
                0x00000000       0x28 ./Generated_Code/PE_LDD.o
 .text.PE_FillMemory
                0x00000000       0x28 ./Generated_Code/PE_LDD.o
 .text.PE_PeripheralUsed
                0x00000000       0x5c ./Generated_Code/PE_LDD.o
 .text.LDD_SetClockConfiguration
                0x00000000       0x14 ./Generated_Code/PE_LDD.o
 .text          0x00000000        0x0 ./Generated_Code/LED_VERMELHO_PEDESTRE.o
 .data          0x00000000        0x0 ./Generated_Code/LED_VERMELHO_PEDESTRE.o
 .bss           0x00000000        0x0 ./Generated_Code/LED_VERMELHO_PEDESTRE.o
 .debug_info    0x00000000       0x76 ./Generated_Code/LED_VERMELHO_PEDESTRE.o
 .debug_abbrev  0x00000000       0x28 ./Generated_Code/LED_VERMELHO_PEDESTRE.o
 .debug_aranges
                0x00000000       0x18 ./Generated_Code/LED_VERMELHO_PEDESTRE.o
 .debug_macinfo
                0x00000000    0x2ef2c ./Generated_Code/LED_VERMELHO_PEDESTRE.o
 .debug_line    0x00000000      0x296 ./Generated_Code/LED_VERMELHO_PEDESTRE.o
 .debug_str     0x00000000      0x141 ./Generated_Code/LED_VERMELHO_PEDESTRE.o
 .comment       0x00000000       0x7a ./Generated_Code/LED_VERMELHO_PEDESTRE.o
 .ARM.attributes
                0x00000000       0x31 ./Generated_Code/LED_VERMELHO_PEDESTRE.o
 .text          0x00000000        0x0 ./Generated_Code/LED_VERMELHO.o
 .data          0x00000000        0x0 ./Generated_Code/LED_VERMELHO.o
 .bss           0x00000000        0x0 ./Generated_Code/LED_VERMELHO.o
 .debug_info    0x00000000       0x76 ./Generated_Code/LED_VERMELHO.o
 .debug_abbrev  0x00000000       0x28 ./Generated_Code/LED_VERMELHO.o
 .debug_aranges
                0x00000000       0x18 ./Generated_Code/LED_VERMELHO.o
 .debug_macinfo
                0x00000000    0x2eeed ./Generated_Code/LED_VERMELHO.o
 .debug_line    0x00000000      0x284 ./Generated_Code/LED_VERMELHO.o
 .debug_str     0x00000000      0x138 ./Generated_Code/LED_VERMELHO.o
 .comment       0x00000000       0x7a ./Generated_Code/LED_VERMELHO.o
 .ARM.attributes
                0x00000000       0x31 ./Generated_Code/LED_VERMELHO.o
 .text          0x00000000        0x0 ./Generated_Code/LED_VERDE_PEDESTRE.o
 .data          0x00000000        0x0 ./Generated_Code/LED_VERDE_PEDESTRE.o
 .bss           0x00000000        0x0 ./Generated_Code/LED_VERDE_PEDESTRE.o
 .debug_info    0x00000000       0x76 ./Generated_Code/LED_VERDE_PEDESTRE.o
 .debug_abbrev  0x00000000       0x28 ./Generated_Code/LED_VERDE_PEDESTRE.o
 .debug_aranges
                0x00000000       0x18 ./Generated_Code/LED_VERDE_PEDESTRE.o
 .debug_macinfo
                0x00000000    0x2eeb5 ./Generated_Code/LED_VERDE_PEDESTRE.o
 .debug_line    0x00000000      0x290 ./Generated_Code/LED_VERDE_PEDESTRE.o
 .debug_str     0x00000000      0x13e ./Generated_Code/LED_VERDE_PEDESTRE.o
 .comment       0x00000000       0x7a ./Generated_Code/LED_VERDE_PEDESTRE.o
 .ARM.attributes
                0x00000000       0x31 ./Generated_Code/LED_VERDE_PEDESTRE.o
 .text          0x00000000        0x0 ./Generated_Code/LED_VERDE.o
 .data          0x00000000        0x0 ./Generated_Code/LED_VERDE.o
 .bss           0x00000000        0x0 ./Generated_Code/LED_VERDE.o
 .debug_info    0x00000000       0x76 ./Generated_Code/LED_VERDE.o
 .debug_abbrev  0x00000000       0x28 ./Generated_Code/LED_VERDE.o
 .debug_aranges
                0x00000000       0x18 ./Generated_Code/LED_VERDE.o
 .debug_macinfo
                0x00000000    0x2eed7 ./Generated_Code/LED_VERDE.o
 .debug_line    0x00000000      0x27e ./Generated_Code/LED_VERDE.o
 .debug_str     0x00000000      0x135 ./Generated_Code/LED_VERDE.o
 .comment       0x00000000       0x7a ./Generated_Code/LED_VERDE.o
 .ARM.attributes
                0x00000000       0x31 ./Generated_Code/LED_VERDE.o
 .text          0x00000000        0x0 ./Generated_Code/LED_AMARELO.o
 .data          0x00000000        0x0 ./Generated_Code/LED_AMARELO.o
 .bss           0x00000000        0x0 ./Generated_Code/LED_AMARELO.o
 .debug_info    0x00000000       0x76 ./Generated_Code/LED_AMARELO.o
 .debug_abbrev  0x00000000       0x28 ./Generated_Code/LED_AMARELO.o
 .debug_aranges
                0x00000000       0x18 ./Generated_Code/LED_AMARELO.o
 .debug_macinfo
                0x00000000    0x2eee3 ./Generated_Code/LED_AMARELO.o
 .debug_line    0x00000000      0x282 ./Generated_Code/LED_AMARELO.o
 .debug_str     0x00000000      0x137 ./Generated_Code/LED_AMARELO.o
 .comment       0x00000000       0x7a ./Generated_Code/LED_AMARELO.o
 .ARM.attributes
                0x00000000       0x31 ./Generated_Code/LED_AMARELO.o
 .text          0x00000000        0x0 ./Generated_Code/LDRConverter.o
 .data          0x00000000        0x0 ./Generated_Code/LDRConverter.o
 .bss           0x00000000        0x0 ./Generated_Code/LDRConverter.o
 .text.LDRConverter_GetValue
                0x00000000       0x34 ./Generated_Code/LDRConverter.o
 .text.PE_LDRConverter_GetChanValue16
                0x00000000       0x38 ./Generated_Code/LDRConverter.o
 .text.LDRConverter_Calibrate
                0x00000000       0x80 ./Generated_Code/LDRConverter.o
 .text          0x00000000        0x0 ./Generated_Code/ExtIntLdd1.o
 .data          0x00000000        0x0 ./Generated_Code/ExtIntLdd1.o
 .bss           0x00000000        0x0 ./Generated_Code/ExtIntLdd1.o
 .text.ExtIntLdd1_Enable
                0x00000000       0x38 ./Generated_Code/ExtIntLdd1.o
 .text.ExtIntLdd1_Disable
                0x00000000       0x24 ./Generated_Code/ExtIntLdd1.o
 .text          0x00000000        0x0 ./Generated_Code/Cpu.o
 .data          0x00000000        0x0 ./Generated_Code/Cpu.o
 .bss           0x00000000        0x0 ./Generated_Code/Cpu.o
 .bss.SR_lock   0x00000000        0x1 ./Generated_Code/Cpu.o
 COMMON         0x00000000        0x1 ./Generated_Code/Cpu.o
 .text          0x00000000        0x0 ./Generated_Code/BitIoLdd5.o
 .data          0x00000000        0x0 ./Generated_Code/BitIoLdd5.o
 .bss           0x00000000        0x0 ./Generated_Code/BitIoLdd5.o
 .text.BitIoLdd5_SetDir
                0x00000000       0x40 ./Generated_Code/BitIoLdd5.o
 .text.BitIoLdd5_SetInput
                0x00000000       0x24 ./Generated_Code/BitIoLdd5.o
 .text.BitIoLdd5_NegVal
                0x00000000       0x1c ./Generated_Code/BitIoLdd5.o
 .text          0x00000000        0x0 ./Generated_Code/BitIoLdd4.o
 .data          0x00000000        0x0 ./Generated_Code/BitIoLdd4.o
 .bss           0x00000000        0x0 ./Generated_Code/BitIoLdd4.o
 .text.BitIoLdd4_SetDir
                0x00000000       0x40 ./Generated_Code/BitIoLdd4.o
 .text.BitIoLdd4_GetVal
                0x00000000       0x44 ./Generated_Code/BitIoLdd4.o
 .text.BitIoLdd4_ClrVal
                0x00000000       0x1c ./Generated_Code/BitIoLdd4.o
 .text          0x00000000        0x0 ./Generated_Code/BitIoLdd3.o
 .data          0x00000000        0x0 ./Generated_Code/BitIoLdd3.o
 .bss           0x00000000        0x0 ./Generated_Code/BitIoLdd3.o
 .text.BitIoLdd3_GetVal
                0x00000000       0x28 ./Generated_Code/BitIoLdd3.o
 .text.BitIoLdd3_ClrVal
                0x00000000       0x1c ./Generated_Code/BitIoLdd3.o
 .text.BitIoLdd3_SetVal
                0x00000000       0x1c ./Generated_Code/BitIoLdd3.o
 .text.BitIoLdd3_NegVal
                0x00000000       0x1c ./Generated_Code/BitIoLdd3.o
 .text          0x00000000        0x0 ./Generated_Code/BitIoLdd2.o
 .data          0x00000000        0x0 ./Generated_Code/BitIoLdd2.o
 .bss           0x00000000        0x0 ./Generated_Code/BitIoLdd2.o
 .text.BitIoLdd2_GetVal
                0x00000000       0x28 ./Generated_Code/BitIoLdd2.o
 .text.BitIoLdd2_ClrVal
                0x00000000       0x1c ./Generated_Code/BitIoLdd2.o
 .text.BitIoLdd2_SetVal
                0x00000000       0x1c ./Generated_Code/BitIoLdd2.o
 .text          0x00000000        0x0 ./Generated_Code/BitIoLdd1.o
 .data          0x00000000        0x0 ./Generated_Code/BitIoLdd1.o
 .bss           0x00000000        0x0 ./Generated_Code/BitIoLdd1.o
 .text.BitIoLdd1_GetVal
                0x00000000       0x28 ./Generated_Code/BitIoLdd1.o
 .text.BitIoLdd1_ClrVal
                0x00000000       0x1c ./Generated_Code/BitIoLdd1.o
 .text.BitIoLdd1_SetVal
                0x00000000       0x1c ./Generated_Code/BitIoLdd1.o
 .text.BitIoLdd1_NegVal
                0x00000000       0x1c ./Generated_Code/BitIoLdd1.o
 .text          0x00000000        0x0 ./Generated_Code/BOTON.o
 .data          0x00000000        0x0 ./Generated_Code/BOTON.o
 .bss           0x00000000        0x0 ./Generated_Code/BOTON.o
 .text          0x00000000        0x0 ./Generated_Code/AdcLdd1.o
 .data          0x00000000        0x0 ./Generated_Code/AdcLdd1.o
 .bss           0x00000000        0x0 ./Generated_Code/AdcLdd1.o
 .text.AdcLdd1_CancelMeasurement
                0x00000000       0x28 ./Generated_Code/AdcLdd1.o
 .text.AdcLdd1_GetMeasurementCompleteStatus
                0x00000000       0x84 ./Generated_Code/AdcLdd1.o
 .text.AdcLdd1_StartCalibration
                0x00000000       0x44 ./Generated_Code/AdcLdd1.o
 .text          0x00000000        0x0 ./Project_Settings/Startup_Code/__arm_start.o
 .data          0x00000000        0x0 ./Project_Settings/Startup_Code/__arm_start.o
 .bss           0x00000000        0x0 ./Project_Settings/Startup_Code/__arm_start.o
 .text.__iar_program_start
                0x00000000        0x4 ./Project_Settings/Startup_Code/__arm_start.o
 .text          0x00000000        0x0 ./Project_Settings/Startup_Code/__arm_end.o
 .data          0x00000000        0x0 ./Project_Settings/Startup_Code/__arm_end.o
 .bss           0x00000000        0x0 ./Project_Settings/Startup_Code/__arm_end.o
 .text          0x00000000        0x0 ./Sources/sa_mtb.o
 .data          0x00000000        0x0 ./Sources/sa_mtb.o
 .bss           0x00000000        0x0 ./Sources/sa_mtb.o
 .debug_info    0x00000000       0x21 ./Sources/sa_mtb.o
 .debug_abbrev  0x00000000       0x12 ./Sources/sa_mtb.o
 .debug_aranges
                0x00000000       0x18 ./Sources/sa_mtb.o
 .debug_macinfo
                0x00000000     0x24d8 ./Sources/sa_mtb.o
 .debug_line    0x00000000       0xaa ./Sources/sa_mtb.o
 .debug_str     0x00000000       0xa0 ./Sources/sa_mtb.o
 .comment       0x00000000       0x7a ./Sources/sa_mtb.o
 .ARM.attributes
                0x00000000       0x31 ./Sources/sa_mtb.o
 .text          0x00000000        0x0 ./Sources/main.o
 .data          0x00000000        0x0 ./Sources/main.o
 .bss           0x00000000        0x0 ./Sources/main.o
 .text          0x00000000        0x0 ./Sources/Events.o
 .data          0x00000000        0x0 ./Sources/Events.o
 .bss           0x00000000        0x0 ./Sources/Events.o
 .text          0x00000000        0x0 C:/Freescale/CW_MCU_v10.6/MCU/ARM_GCC_Support/ewl/lib/armv6-m\libc.a(exit.o)
 .data          0x00000000        0x0 C:/Freescale/CW_MCU_v10.6/MCU/ARM_GCC_Support/ewl/lib/armv6-m\libc.a(exit.o)
 .bss           0x00000000        0x0 C:/Freescale/CW_MCU_v10.6/MCU/ARM_GCC_Support/ewl/lib/armv6-m\libc.a(exit.o)
 .text          0x00000000        0x0 C:/Freescale/CW_MCU_v10.6/MCU/ARM_GCC_Support/ewl/lib/armv6-m\libc.a(memset.o)
 .data          0x00000000        0x0 C:/Freescale/CW_MCU_v10.6/MCU/ARM_GCC_Support/ewl/lib/armv6-m\libc.a(memset.o)
 .bss           0x00000000        0x0 C:/Freescale/CW_MCU_v10.6/MCU/ARM_GCC_Support/ewl/lib/armv6-m\libc.a(memset.o)
 .text          0x00000000        0x0 C:/Freescale/CW_MCU_v10.6/MCU/ARM_GCC_Support/ewl/lib/armv6-m\libc.a(printformat_.o)
 .data          0x00000000        0x0 C:/Freescale/CW_MCU_v10.6/MCU/ARM_GCC_Support/ewl/lib/armv6-m\libc.a(printformat_.o)
 .bss           0x00000000        0x0 C:/Freescale/CW_MCU_v10.6/MCU/ARM_GCC_Support/ewl/lib/armv6-m\libc.a(printformat_.o)
 .text          0x00000000        0x0 C:/Freescale/CW_MCU_v10.6/MCU/ARM_GCC_Support/ewl/lib/armv6-m\libc.a(scanformat_.o)
 .data          0x00000000        0x0 C:/Freescale/CW_MCU_v10.6/MCU/ARM_GCC_Support/ewl/lib/armv6-m\libc.a(scanformat_.o)
 .bss           0x00000000        0x0 C:/Freescale/CW_MCU_v10.6/MCU/ARM_GCC_Support/ewl/lib/armv6-m\libc.a(scanformat_.o)
 .text          0x00000000        0x0 C:/Freescale/CW_MCU_v10.6/MCU/ARM_GCC_Support/ewl/lib/armv6-m\libc.a(ctype_aeabi.o)
 .data          0x00000000        0x0 C:/Freescale/CW_MCU_v10.6/MCU/ARM_GCC_Support/ewl/lib/armv6-m\libc.a(ctype_aeabi.o)
 .bss           0x00000000        0x0 C:/Freescale/CW_MCU_v10.6/MCU/ARM_GCC_Support/ewl/lib/armv6-m\libc.a(ctype_aeabi.o)
 .text.isalnum  0x00000000       0x1c C:/Freescale/CW_MCU_v10.6/MCU/ARM_GCC_Support/ewl/lib/armv6-m\libc.a(ctype_aeabi.o)
 .text.iscntrl  0x00000000       0x20 C:/Freescale/CW_MCU_v10.6/MCU/ARM_GCC_Support/ewl/lib/armv6-m\libc.a(ctype_aeabi.o)
 .text.isdigit  0x00000000        0xe C:/Freescale/CW_MCU_v10.6/MCU/ARM_GCC_Support/ewl/lib/armv6-m\libc.a(ctype_aeabi.o)
 .text.isgraph  0x00000000       0x1c C:/Freescale/CW_MCU_v10.6/MCU/ARM_GCC_Support/ewl/lib/armv6-m\libc.a(ctype_aeabi.o)
 .text.islower  0x00000000       0x20 C:/Freescale/CW_MCU_v10.6/MCU/ARM_GCC_Support/ewl/lib/armv6-m\libc.a(ctype_aeabi.o)
 .text.isprint  0x00000000       0x1c C:/Freescale/CW_MCU_v10.6/MCU/ARM_GCC_Support/ewl/lib/armv6-m\libc.a(ctype_aeabi.o)
 .text.ispunct  0x00000000       0x20 C:/Freescale/CW_MCU_v10.6/MCU/ARM_GCC_Support/ewl/lib/armv6-m\libc.a(ctype_aeabi.o)
 .text.isupper  0x00000000       0x20 C:/Freescale/CW_MCU_v10.6/MCU/ARM_GCC_Support/ewl/lib/armv6-m\libc.a(ctype_aeabi.o)
 .text.isxdigit
                0x00000000       0x20 C:/Freescale/CW_MCU_v10.6/MCU/ARM_GCC_Support/ewl/lib/armv6-m\libc.a(ctype_aeabi.o)
 .text.isblank  0x00000000       0x28 C:/Freescale/CW_MCU_v10.6/MCU/ARM_GCC_Support/ewl/lib/armv6-m\libc.a(ctype_aeabi.o)
 .text.tolower  0x00000000        0xe C:/Freescale/CW_MCU_v10.6/MCU/ARM_GCC_Support/ewl/lib/armv6-m\libc.a(ctype_aeabi.o)
 .text          0x00000000        0x0 C:/Freescale/CW_MCU_v10.6/MCU/ARM_GCC_Support/ewl/lib/armv6-m\libc.a(__strtoul.o)
 .data          0x00000000        0x0 C:/Freescale/CW_MCU_v10.6/MCU/ARM_GCC_Support/ewl/lib/armv6-m\libc.a(__strtoul.o)
 .bss           0x00000000        0x0 C:/Freescale/CW_MCU_v10.6/MCU/ARM_GCC_Support/ewl/lib/armv6-m\libc.a(__strtoul.o)
 .text          0x00000000        0x0 C:/Freescale/CW_MCU_v10.6/MCU/ARM_GCC_Support/ewl/lib/armv6-m\libc.a(__filll_mem.o)
 .data          0x00000000        0x0 C:/Freescale/CW_MCU_v10.6/MCU/ARM_GCC_Support/ewl/lib/armv6-m\libc.a(__filll_mem.o)
 .bss           0x00000000        0x0 C:/Freescale/CW_MCU_v10.6/MCU/ARM_GCC_Support/ewl/lib/armv6-m\libc.a(__filll_mem.o)
 .text          0x00000000        0x0 C:/Freescale/CW_MCU_v10.6/MCU/ARM_GCC_Support/ewl/lib/armv6-m\libc.a(memchr.o)
 .data          0x00000000        0x0 C:/Freescale/CW_MCU_v10.6/MCU/ARM_GCC_Support/ewl/lib/armv6-m\libc.a(memchr.o)
 .bss           0x00000000        0x0 C:/Freescale/CW_MCU_v10.6/MCU/ARM_GCC_Support/ewl/lib/armv6-m\libc.a(memchr.o)
 .text          0x00000000        0x0 C:/Freescale/CW_MCU_v10.6/MCU/ARM_GCC_Support/ewl/lib/armv6-m\libc.a(memcpy.o)
 .data          0x00000000        0x0 C:/Freescale/CW_MCU_v10.6/MCU/ARM_GCC_Support/ewl/lib/armv6-m\libc.a(memcpy.o)
 .bss           0x00000000        0x0 C:/Freescale/CW_MCU_v10.6/MCU/ARM_GCC_Support/ewl/lib/armv6-m\libc.a(memcpy.o)
 .text          0x00000000        0x0 C:/Freescale/CW_MCU_v10.6/MCU/ARM_GCC_Support/ewl/lib/armv6-m\libc.a(strchr.o)
 .data          0x00000000        0x0 C:/Freescale/CW_MCU_v10.6/MCU/ARM_GCC_Support/ewl/lib/armv6-m\libc.a(strchr.o)
 .bss           0x00000000        0x0 C:/Freescale/CW_MCU_v10.6/MCU/ARM_GCC_Support/ewl/lib/armv6-m\libc.a(strchr.o)
 .text          0x00000000        0x0 C:/Freescale/CW_MCU_v10.6/MCU/ARM_GCC_Support/ewl/lib/armv6-m\libc.a(strlen.o)
 .data          0x00000000        0x0 C:/Freescale/CW_MCU_v10.6/MCU/ARM_GCC_Support/ewl/lib/armv6-m\libc.a(strlen.o)
 .bss           0x00000000        0x0 C:/Freescale/CW_MCU_v10.6/MCU/ARM_GCC_Support/ewl/lib/armv6-m\libc.a(strlen.o)
 .data          0x00000000        0x0 c:/freescale/cw_mcu_v10.6/cross_tools/arm-none-eabi-gcc-4_7_3/bin/../lib/gcc/arm-none-eabi/4.7.3/armv6-m\libgcc.a(_thumb1_case_sqi.o)
 .bss           0x00000000        0x0 c:/freescale/cw_mcu_v10.6/cross_tools/arm-none-eabi-gcc-4_7_3/bin/../lib/gcc/arm-none-eabi/4.7.3/armv6-m\libgcc.a(_thumb1_case_sqi.o)
 .data          0x00000000        0x0 c:/freescale/cw_mcu_v10.6/cross_tools/arm-none-eabi-gcc-4_7_3/bin/../lib/gcc/arm-none-eabi/4.7.3/armv6-m\libgcc.a(_thumb1_case_uqi.o)
 .bss           0x00000000        0x0 c:/freescale/cw_mcu_v10.6/cross_tools/arm-none-eabi-gcc-4_7_3/bin/../lib/gcc/arm-none-eabi/4.7.3/armv6-m\libgcc.a(_thumb1_case_uqi.o)
 .data          0x00000000        0x0 c:/freescale/cw_mcu_v10.6/cross_tools/arm-none-eabi-gcc-4_7_3/bin/../lib/gcc/arm-none-eabi/4.7.3/armv6-m\libgcc.a(_udivsi3.o)
 .bss           0x00000000        0x0 c:/freescale/cw_mcu_v10.6/cross_tools/arm-none-eabi-gcc-4_7_3/bin/../lib/gcc/arm-none-eabi/4.7.3/armv6-m\libgcc.a(_udivsi3.o)
 .data          0x00000000        0x0 c:/freescale/cw_mcu_v10.6/cross_tools/arm-none-eabi-gcc-4_7_3/bin/../lib/gcc/arm-none-eabi/4.7.3/armv6-m\libgcc.a(_divsi3.o)
 .bss           0x00000000        0x0 c:/freescale/cw_mcu_v10.6/cross_tools/arm-none-eabi-gcc-4_7_3/bin/../lib/gcc/arm-none-eabi/4.7.3/armv6-m\libgcc.a(_divsi3.o)
 .data          0x00000000        0x0 c:/freescale/cw_mcu_v10.6/cross_tools/arm-none-eabi-gcc-4_7_3/bin/../lib/gcc/arm-none-eabi/4.7.3/armv6-m\libgcc.a(_dvmd_tls.o)
 .bss           0x00000000        0x0 c:/freescale/cw_mcu_v10.6/cross_tools/arm-none-eabi-gcc-4_7_3/bin/../lib/gcc/arm-none-eabi/4.7.3/armv6-m\libgcc.a(_dvmd_tls.o)
 .text          0x00000000        0x0 C:/Freescale/CW_MCU_v10.6/MCU/ARM_GCC_Support/ewl/lib/armv6-m\librt.a(gcc_ctor_dtor.o)
 .data          0x00000000        0x0 C:/Freescale/CW_MCU_v10.6/MCU/ARM_GCC_Support/ewl/lib/armv6-m\librt.a(gcc_ctor_dtor.o)
 .bss           0x00000000        0x0 C:/Freescale/CW_MCU_v10.6/MCU/ARM_GCC_Support/ewl/lib/armv6-m\librt.a(gcc_ctor_dtor.o)
 .bss.__dso_handle
                0x00000000        0x4 C:/Freescale/CW_MCU_v10.6/MCU/ARM_GCC_Support/ewl/lib/armv6-m\librt.a(gcc_ctor_dtor.o)
 .text          0x00000000        0x0 C:/Freescale/CW_MCU_v10.6/MCU/ARM_GCC_Support/ewl/lib/armv6-m\librt.a(ROMCopy.o)
 .data          0x00000000        0x0 C:/Freescale/CW_MCU_v10.6/MCU/ARM_GCC_Support/ewl/lib/armv6-m\librt.a(ROMCopy.o)
 .bss           0x00000000        0x0 C:/Freescale/CW_MCU_v10.6/MCU/ARM_GCC_Support/ewl/lib/armv6-m\librt.a(ROMCopy.o)
 .text.__flush_cache
                0x00000000        0x2 C:/Freescale/CW_MCU_v10.6/MCU/ARM_GCC_Support/ewl/lib/armv6-m\librt.a(ROMCopy.o)
 .text          0x00000000        0x0 C:/Freescale/CW_MCU_v10.6/MCU/ARM_GCC_Support/ewl/lib/armv6-m\librt.a(__arm_eabi_init.o)
 .data          0x00000000        0x0 C:/Freescale/CW_MCU_v10.6/MCU/ARM_GCC_Support/ewl/lib/armv6-m\librt.a(__arm_eabi_init.o)
 .bss           0x00000000        0x0 C:/Freescale/CW_MCU_v10.6/MCU/ARM_GCC_Support/ewl/lib/armv6-m\librt.a(__arm_eabi_init.o)
 .text.__register_global_object
                0x00000000       0x14 C:/Freescale/CW_MCU_v10.6/MCU/ARM_GCC_Support/ewl/lib/armv6-m\librt.a(__arm_eabi_init.o)
 .text.__cxa_atexit
                0x00000000       0x38 C:/Freescale/CW_MCU_v10.6/MCU/ARM_GCC_Support/ewl/lib/armv6-m\librt.a(__arm_eabi_init.o)
 .text.__aeabi_atexit
                0x00000000        0xe C:/Freescale/CW_MCU_v10.6/MCU/ARM_GCC_Support/ewl/lib/armv6-m\librt.a(__arm_eabi_init.o)
 .text.__register_atexit
                0x00000000        0xc C:/Freescale/CW_MCU_v10.6/MCU/ARM_GCC_Support/ewl/lib/armv6-m\librt.a(__arm_eabi_init.o)
 .text.__init_hardware
                0x00000000        0x4 C:/Freescale/CW_MCU_v10.6/MCU/ARM_GCC_Support/ewl/lib/armv6-m\librt.a(__arm_eabi_init.o)
 .bss.atexit_curr_func
                0x00000000        0x4 C:/Freescale/CW_MCU_v10.6/MCU/ARM_GCC_Support/ewl/lib/armv6-m\librt.a(__arm_eabi_init.o)
 .bss.atexit_funcs
                0x00000000      0x300 C:/Freescale/CW_MCU_v10.6/MCU/ARM_GCC_Support/ewl/lib/armv6-m\librt.a(__arm_eabi_init.o)

Memory Configuration

Name             Origin             Length             Attributes
m_interrupts     0x00000000         0x000000c0         xr
m_text           0x00000410         0x0001fbf0         xr
m_data           0x1ffff000         0x00004000         rw
m_cfmprotrom     0x00000400         0x00000010         xr
*default*        0x00000000         0xffffffff

Linker script and memory map

LOAD ./.metadata/.plugins/org.eclipse.cdt.make.core/specs.o
LOAD ./Generated_Code/Vectors.o
LOAD ./Generated_Code/TimerIntLdd1.o
LOAD ./Generated_Code/TU1.o
LOAD ./Generated_Code/TIMER2.o
LOAD ./Generated_Code/PE_LDD.o
LOAD ./Generated_Code/LED_VERMELHO_PEDESTRE.o
LOAD ./Generated_Code/LED_VERMELHO.o
LOAD ./Generated_Code/LED_VERDE_PEDESTRE.o
LOAD ./Generated_Code/LED_VERDE.o
LOAD ./Generated_Code/LED_AMARELO.o
LOAD ./Generated_Code/LDRConverter.o
LOAD ./Generated_Code/ExtIntLdd1.o
LOAD ./Generated_Code/Cpu.o
LOAD ./Generated_Code/BitIoLdd5.o
LOAD ./Generated_Code/BitIoLdd4.o
LOAD ./Generated_Code/BitIoLdd3.o
LOAD ./Generated_Code/BitIoLdd2.o
LOAD ./Generated_Code/BitIoLdd1.o
LOAD ./Generated_Code/BOTON.o
LOAD ./Generated_Code/AdcLdd1.o
LOAD ./Project_Settings/Startup_Code/__arm_start.o
LOAD ./Project_Settings/Startup_Code/__arm_end.o
LOAD ./Sources/sa_mtb.o
LOAD ./Sources/main.o
LOAD ./Sources/Events.o
                0x00001748                __pformatter = __pformatter_
                [0x00001b70]                __sformatter = __sformatter
START GROUP
LOAD C:/Freescale/CW_MCU_v10.6/MCU/ARM_GCC_Support/ewl/lib/armv6-m\libc.a
LOAD C:/Freescale/CW_MCU_v10.6/MCU/ARM_GCC_Support/ewl/lib/armv6-m\libm.a
LOAD c:/freescale/cw_mcu_v10.6/cross_tools/arm-none-eabi-gcc-4_7_3/bin/../lib/gcc/arm-none-eabi/4.7.3/armv6-m\libgcc.a
LOAD C:/Freescale/CW_MCU_v10.6/MCU/ARM_GCC_Support/ewl/lib/armv6-m\librt.a
LOAD C:/Freescale/CW_MCU_v10.6/MCU/ARM_GCC_Support/ewl/lib/armv6-m\libuart.a
END GROUP
                0x20003000                _estack = 0x20003000
                0x20003000                __SP_INIT = _estack
                0x00000000                __heap_size = 0x0
                0x00000400                __stack_size = 0x400

.interrupts     0x00000000       0xc0
                0x00000000                __vector_table = .
                0x00000000                . = ALIGN (0x4)
 *(.vectortable)
 .vectortable   0x00000000       0xc0 ./Generated_Code/Vectors.o
                0x00000000                __vect_table
                0x000000c0                . = ALIGN (0x4)

.cfmprotect     0x00000400       0x10
                0x00000400                . = ALIGN (0x4)
 *(.cfmconfig)
 .cfmconfig     0x00000400       0x10 ./Generated_Code/Cpu.o
                0x00000400                _cfm
                0x00000410                . = ALIGN (0x4)

.text           0x00000410     0x2330
                0x00000410                . = ALIGN (0x4)
 *(.text)
 .text          0x00000410       0x14 c:/freescale/cw_mcu_v10.6/cross_tools/arm-none-eabi-gcc-4_7_3/bin/../lib/gcc/arm-none-eabi/4.7.3/armv6-m\libgcc.a(_thumb1_case_sqi.o)
                0x00000410                __gnu_thumb1_case_sqi
 .text          0x00000424       0x14 c:/freescale/cw_mcu_v10.6/cross_tools/arm-none-eabi-gcc-4_7_3/bin/../lib/gcc/arm-none-eabi/4.7.3/armv6-m\libgcc.a(_thumb1_case_uqi.o)
                0x00000424                __gnu_thumb1_case_uqi
 .text          0x00000438       0x9c c:/freescale/cw_mcu_v10.6/cross_tools/arm-none-eabi-gcc-4_7_3/bin/../lib/gcc/arm-none-eabi/4.7.3/armv6-m\libgcc.a(_udivsi3.o)
                0x00000438                __aeabi_uidiv
                0x00000438                __udivsi3
                0x000004c0                __aeabi_uidivmod
 .text          0x000004d4       0xc0 c:/freescale/cw_mcu_v10.6/cross_tools/arm-none-eabi-gcc-4_7_3/bin/../lib/gcc/arm-none-eabi/4.7.3/armv6-m\libgcc.a(_divsi3.o)
                0x000004d4                __divsi3
                0x000004d4                __aeabi_idiv
                0x00000580                __aeabi_idivmod
 .text          0x00000594        0x4 c:/freescale/cw_mcu_v10.6/cross_tools/arm-none-eabi-gcc-4_7_3/bin/../lib/gcc/arm-none-eabi/4.7.3/armv6-m\libgcc.a(_dvmd_tls.o)
                0x00000594                __aeabi_idiv0
                0x00000594                __aeabi_ldiv0
 *(.text*)
 .text.TimerIntLdd1_Init
                0x00000598       0x50 ./Generated_Code/TimerIntLdd1.o
                0x00000598                TimerIntLdd1_Init
 .text.TU1_OnCounterRestart
                0x000005e8       0x24 ./Generated_Code/TimerIntLdd1.o
                0x000005e8                TU1_OnCounterRestart
 .text.TU1_Init
                0x0000060c       0xc0 ./Generated_Code/TU1.o
                0x0000060c                TU1_Init
 .text.TU1_Interrupt
                0x000006cc       0x30 ./Generated_Code/TU1.o
                0x000006cc                TU1_Interrupt
 .text.TimerIntLdd1_OnInterrupt
                0x000006fc       0x14 ./Generated_Code/TIMER2.o
                0x000006fc                TimerIntLdd1_OnInterrupt
 .text.LDRConverter_HWEnDi
                0x00000710       0x48 ./Generated_Code/LDRConverter.o
                0x00000710                LDRConverter_HWEnDi
 .text.LDRConverter_Measure
                0x00000758       0x48 ./Generated_Code/LDRConverter.o
                0x00000758                LDRConverter_Measure
 .text.LDRConverter_GetValue16
                0x000007a0       0x38 ./Generated_Code/LDRConverter.o
                0x000007a0                LDRConverter_GetValue16
 .text.AdcLdd1_OnMeasurementComplete
                0x000007d8       0x5c ./Generated_Code/LDRConverter.o
                0x000007d8                AdcLdd1_OnMeasurementComplete
 .text.LDRConverter_Init
                0x00000834       0x2c ./Generated_Code/LDRConverter.o
                0x00000834                LDRConverter_Init
 .text.ExtIntLdd1_Init
                0x00000860       0x84 ./Generated_Code/ExtIntLdd1.o
                0x00000860                ExtIntLdd1_Init
 .text.ExtIntLdd1_Interrupt
                0x000008e4       0x34 ./Generated_Code/ExtIntLdd1.o
                0x000008e4                ExtIntLdd1_Interrupt
 .text.ExtIntLdd1_GetVal
                0x00000918       0x28 ./Generated_Code/ExtIntLdd1.o
                0x00000918                ExtIntLdd1_GetVal
 .text.Cpu_INT_NMIInterrupt
                0x00000940        0xc ./Generated_Code/Cpu.o
                0x00000940                Cpu_INT_NMIInterrupt
 .text.Cpu_Interrupt
                0x0000094c        0xc ./Generated_Code/Cpu.o
                0x0000094c                Cpu_Interrupt
 .text.__init_hardware
                0x00000958      0x120 ./Generated_Code/Cpu.o
                0x00000958                __init_hardware
 .text.PE_low_level_init
                0x00000a78      0x10c ./Generated_Code/Cpu.o
                0x00000a78                PE_low_level_init
 .text.BitIoLdd5_Init
                0x00000b84       0x64 ./Generated_Code/BitIoLdd5.o
                0x00000b84                BitIoLdd5_Init
 .text.BitIoLdd5_PutVal
                0x00000be8       0x34 ./Generated_Code/BitIoLdd5.o
                0x00000be8                BitIoLdd5_PutVal
 .text.BitIoLdd4_Init
                0x00000c1c       0x64 ./Generated_Code/BitIoLdd4.o
                0x00000c1c                BitIoLdd4_Init
 .text.BitIoLdd4_PutVal
                0x00000c80       0x34 ./Generated_Code/BitIoLdd4.o
                0x00000c80                BitIoLdd4_PutVal
 .text.BitIoLdd4_NegVal
                0x00000cb4       0x1c ./Generated_Code/BitIoLdd4.o
                0x00000cb4                BitIoLdd4_NegVal
 .text.BitIoLdd3_Init
                0x00000cd0       0x64 ./Generated_Code/BitIoLdd3.o
                0x00000cd0                BitIoLdd3_Init
 .text.BitIoLdd3_PutVal
                0x00000d34       0x34 ./Generated_Code/BitIoLdd3.o
                0x00000d34                BitIoLdd3_PutVal
 .text.BitIoLdd2_Init
                0x00000d68       0x64 ./Generated_Code/BitIoLdd2.o
                0x00000d68                BitIoLdd2_Init
 .text.BitIoLdd2_PutVal
                0x00000dcc       0x34 ./Generated_Code/BitIoLdd2.o
                0x00000dcc                BitIoLdd2_PutVal
 .text.BitIoLdd2_NegVal
                0x00000e00       0x1c ./Generated_Code/BitIoLdd2.o
                0x00000e00                BitIoLdd2_NegVal
 .text.BitIoLdd1_Init
                0x00000e1c       0x64 ./Generated_Code/BitIoLdd1.o
                0x00000e1c                BitIoLdd1_Init
 .text.BitIoLdd1_PutVal
                0x00000e80       0x34 ./Generated_Code/BitIoLdd1.o
                0x00000e80                BitIoLdd1_PutVal
 .text.ExtIntLdd1_OnInterrupt
                0x00000eb4       0x14 ./Generated_Code/BOTON.o
                0x00000eb4                ExtIntLdd1_OnInterrupt
 .text.AdcLdd1_Init
                0x00000ec8       0xbc ./Generated_Code/AdcLdd1.o
                0x00000ec8                AdcLdd1_Init
 .text.AdcLdd1_StartSingleMeasurement
                0x00000f84       0x44 ./Generated_Code/AdcLdd1.o
                0x00000f84                AdcLdd1_StartSingleMeasurement
 .text.AdcLdd1_CreateSampleGroup
                0x00000fc8       0x6c ./Generated_Code/AdcLdd1.o
                0x00000fc8                AdcLdd1_CreateSampleGroup
 .text.AdcLdd1_GetMeasuredValues
                0x00001034       0x60 ./Generated_Code/AdcLdd1.o
                0x00001034                AdcLdd1_GetMeasuredValues
 .text.AdcLdd1_GetCalibrationResultStatus
                0x00001094       0xb8 ./Generated_Code/AdcLdd1.o
                0x00001094                AdcLdd1_GetCalibrationResultStatus
 .text.AdcLdd1_MeasurementCompleteInterrupt
                0x0000114c       0x30 ./Generated_Code/AdcLdd1.o
                0x0000114c                AdcLdd1_MeasurementCompleteInterrupt
 .text.zero_fill_bss
                0x0000117c       0x24 ./Project_Settings/Startup_Code/__arm_start.o
 .text.__thumb_startup
                0x000011a0       0x30 ./Project_Settings/Startup_Code/__arm_start.o
                0x000011a0                __thumb_startup
 .text._ExitProcess
                0x000011d0        0xc ./Project_Settings/Startup_Code/__arm_end.o
                0x000011d0                _ExitProcess
 .text.main     0x000011dc      0x238 ./Sources/main.o
                0x000011dc                main
 .text.TIMER2_OnInterrupt
                0x00001414      0x114 ./Sources/Events.o
                0x00001414                TIMER2_OnInterrupt
 .text.Cpu_OnNMIINT
                0x00001528        0x8 ./Sources/Events.o
                0x00001528                Cpu_OnNMIINT
 .text.BOTON_OnInterrupt
                0x00001530       0x28 ./Sources/Events.o
                0x00001530                BOTON_OnInterrupt
 .text.LDRConverter_OnEnd
                0x00001558        0x8 ./Sources/Events.o
                0x00001558                LDRConverter_OnEnd
 .text.LDRConverter_OnCalibrationEnd
                0x00001560        0x8 ./Sources/Events.o
                0x00001560                LDRConverter_OnCalibrationEnd
 .text.exit     0x00001568       0x38 C:/Freescale/CW_MCU_v10.6/MCU/ARM_GCC_Support/ewl/lib/armv6-m\libc.a(exit.o)
                0x00001568                exit
 .text.memset   0x000015a0        0xc C:/Freescale/CW_MCU_v10.6/MCU/ARM_GCC_Support/ewl/lib/armv6-m\libc.a(memset.o)
                0x000015a0                memset
 .text.long2str.isra.0
                0x000015ac      0x19c C:/Freescale/CW_MCU_v10.6/MCU/ARM_GCC_Support/ewl/lib/armv6-m\libc.a(printformat_.o)
 .text.__pformatter_
                0x00001748      0x428 C:/Freescale/CW_MCU_v10.6/MCU/ARM_GCC_Support/ewl/lib/armv6-m\libc.a(printformat_.o)
                0x00001748                __pformatter_
 .text.__sformatter
                0x00001b70      0x698 C:/Freescale/CW_MCU_v10.6/MCU/ARM_GCC_Support/ewl/lib/armv6-m\libc.a(scanformat_.o)
                0x00001b70                __sformatter
 .text.isalpha  0x00002208       0x20 C:/Freescale/CW_MCU_v10.6/MCU/ARM_GCC_Support/ewl/lib/armv6-m\libc.a(ctype_aeabi.o)
                0x00002208                isalpha
 .text.isspace  0x00002228       0x20 C:/Freescale/CW_MCU_v10.6/MCU/ARM_GCC_Support/ewl/lib/armv6-m\libc.a(ctype_aeabi.o)
                0x00002228                isspace
 .text.toupper  0x00002248        0xe C:/Freescale/CW_MCU_v10.6/MCU/ARM_GCC_Support/ewl/lib/armv6-m\libc.a(ctype_aeabi.o)
                0x00002248                toupper
 .text.__strtoul
                0x00002256      0x1ce C:/Freescale/CW_MCU_v10.6/MCU/ARM_GCC_Support/ewl/lib/armv6-m\libc.a(__strtoul.o)
                0x00002256                __strtoul
 .text.__fill_mem
                0x00002424       0x7e C:/Freescale/CW_MCU_v10.6/MCU/ARM_GCC_Support/ewl/lib/armv6-m\libc.a(__filll_mem.o)
                0x00002424                __fill_mem
 .text.memchr   0x000024a2       0x1a C:/Freescale/CW_MCU_v10.6/MCU/ARM_GCC_Support/ewl/lib/armv6-m\libc.a(memchr.o)
                0x000024a2                memchr
 .text.memcpy   0x000024bc       0x12 C:/Freescale/CW_MCU_v10.6/MCU/ARM_GCC_Support/ewl/lib/armv6-m\libc.a(memcpy.o)
                0x000024bc                memcpy
 .text.strchr   0x000024ce       0x1e C:/Freescale/CW_MCU_v10.6/MCU/ARM_GCC_Support/ewl/lib/armv6-m\libc.a(strchr.o)
                0x000024ce                strchr
 .text.strlen   0x000024ec       0x10 C:/Freescale/CW_MCU_v10.6/MCU/ARM_GCC_Support/ewl/lib/armv6-m\libc.a(strlen.o)
                0x000024ec                strlen
 .text.__init_cpp
                0x000024fc       0x48 C:/Freescale/CW_MCU_v10.6/MCU/ARM_GCC_Support/ewl/lib/armv6-m\librt.a(gcc_ctor_dtor.o)
                0x000024fc                __init_cpp
 .text.__fini_cpp
                0x00002544       0x34 C:/Freescale/CW_MCU_v10.6/MCU/ARM_GCC_Support/ewl/lib/armv6-m\librt.a(gcc_ctor_dtor.o)
                0x00002544                __fini_cpp
 .text.__copy_rom_section
                0x00002578       0x48 C:/Freescale/CW_MCU_v10.6/MCU/ARM_GCC_Support/ewl/lib/armv6-m\librt.a(ROMCopy.o)
                0x00002578                __copy_rom_section
 .text.__copy_rom_sections_to_ram
                0x000025c0       0x34 C:/Freescale/CW_MCU_v10.6/MCU/ARM_GCC_Support/ewl/lib/armv6-m\librt.a(ROMCopy.o)
                0x000025c0                __copy_rom_sections_to_ram
 .text.__destroy_global_chain
                0x000025f4       0x1c C:/Freescale/CW_MCU_v10.6/MCU/ARM_GCC_Support/ewl/lib/armv6-m\librt.a(__arm_eabi_init.o)
                0x000025f4                __destroy_global_chain
 .text.__init_registers
                0x00002610       0x1c C:/Freescale/CW_MCU_v10.6/MCU/ARM_GCC_Support/ewl/lib/armv6-m\librt.a(__arm_eabi_init.o)
                0x00002610                __init_registers
 .text.__init_user
                0x0000262c        0x4 C:/Freescale/CW_MCU_v10.6/MCU/ARM_GCC_Support/ewl/lib/armv6-m\librt.a(__arm_eabi_init.o)
                0x0000262c                __init_user
 *(.rodata)
 *(.rodata*)
 .rodata.ChannelToPin
                0x00002630        0x4 ./Generated_Code/AdcLdd1.o
 .rodata.str1.1
                0x00002634        0x1 C:/Freescale/CW_MCU_v10.6/MCU/ARM_GCC_Support/ewl/lib/armv6-m\libc.a(printformat_.o)
 .rodata.CSWTCH.20
                0x00002635        0x5 C:/Freescale/CW_MCU_v10.6/MCU/ARM_GCC_Support/ewl/lib/armv6-m\libc.a(printformat_.o)
 .rodata.CSWTCH.21
                0x0000263a        0x5 C:/Freescale/CW_MCU_v10.6/MCU/ARM_GCC_Support/ewl/lib/armv6-m\libc.a(printformat_.o)
 .rodata.__aeabi_ctype_table_C
                0x0000263f      0x101 C:/Freescale/CW_MCU_v10.6/MCU/ARM_GCC_Support/ewl/lib/armv6-m\libc.a(ctype_aeabi.o)
                0x0000263f                __aeabi_ctype_table_C
 *(.glue_7)
 .glue_7        0x00000000        0x0 linker stubs
 *(.glue_7t)
 .glue_7t       0x00000000        0x0 linker stubs
 *(.eh_frame)
 *(.init)
 *(.fini)
                0x00002740                . = ALIGN (0x4)
                0x00002740                _etext = .

.vfp11_veneer   0x00002740        0x0
 .vfp11_veneer  0x00000000        0x0 linker stubs

.v4_bx          0x00002740        0x0
 .v4_bx         0x00000000        0x0 linker stubs

.iplt           0x00002740        0x0
 .iplt          0x00000000        0x0 ./.metadata/.plugins/org.eclipse.cdt.make.core/specs.o

.rel.dyn        0x00002740        0x0
 .rel.iplt      0x00000000        0x0 ./.metadata/.plugins/org.eclipse.cdt.make.core/specs.o

.ARM.extab
 *(.ARM.extab* .gnu.linkonce.armextab.*)

.ARM            0x00002740        0x0
                0x00002740                __exidx_start = .
 *(.ARM.exidx*)
                0x00002740                __exidx_end = .

.ctors          0x00002740        0x0
                0x00002740                __CTOR_LIST__ = .
 *crtbegin.o(.ctors)
 *(EXCLUDE_FILE(*crtend.o) .ctors)
 *(SORT(.ctors.*))
 *(.ctors)
                0x00002740                __CTOR_END__ = .

.dtors          0x00002740        0x0
                0x00002740                __DTOR_LIST__ = .
 *crtbegin.o(.dtors)
 *(EXCLUDE_FILE(*crtend.o) .dtors)
 *(SORT(.dtors.*))
 *(.dtors)
                0x00002740                __DTOR_END__ = .

.preinit_array  0x00002740        0x0
                0x00002740                PROVIDE (__preinit_array_start, .)
 *(.preinit_array*)
                0x00002740                PROVIDE (__preinit_array_end, .)

.init_array     0x00002740        0x0
                0x00002740                PROVIDE (__init_array_start, .)
 *(SORT(.init_array.*))
 *(.init_array*)
                0x00002740                PROVIDE (__init_array_end, .)

.fini_array     0x00002740        0x0
                0x00002740                PROVIDE (__fini_array_start, .)
 *(SORT(.fini_array.*))
 *(.fini_array*)
                0x00002740                PROVIDE (__fini_array_end, .)
                0x00002740                ___ROM_AT = .

.mtb            0x1ffff000        0x0
                0x1ffff000                . = ALIGN (0x8)
                0x1ffff000                _mtb_start = .
 *(.mtb_buf)
                0x1ffff000                . = ALIGN (0x8)
                0x1ffff000                _mtb_end = .

.data           0x1ffff000        0x8 load address 0x00002740
                0x1ffff000                . = ALIGN (0x4)
                0x1ffff000                _sdata = .
 *(.data)
 *(.data*)
 .data.estado   0x1ffff000        0x4 ./Sources/main.o
                0x1ffff000                estado
 .data.thresholdNoite
                0x1ffff004        0x4 ./Sources/main.o
                0x1ffff004                thresholdNoite
                0x1ffff008                . = ALIGN (0x4)
                0x1ffff008                _edata = .
                0x00000008                ___data_size = (_edata - _sdata)

.igot.plt       0x1ffff008        0x0 load address 0x00002748
 .igot.plt      0x00000000        0x0 ./.metadata/.plugins/org.eclipse.cdt.make.core/specs.o
                0x1ffff008                . = ALIGN (0x4)

.bss            0x1ffff008       0xc0 load address 0x00002748
                0x1ffff008                __START_BSS = .
                0x1ffff008                PROVIDE (__bss_start__, __START_BSS)
 *(.bss)
 *(.bss*)
 .bss.DeviceDataPrv__DEFAULT_RTOS_ALLOC
                0x1ffff008        0xc ./Generated_Code/TimerIntLdd1.o
 .bss.DeviceDataPrv__DEFAULT_RTOS_ALLOC
                0x1ffff014        0x8 ./Generated_Code/TU1.o
 .bss.INT_LPTimer__DEFAULT_RTOS_ISRPARAM
                0x1ffff01c        0x4 ./Generated_Code/TU1.o
 .bss.PE_LDD_DeviceDataList
                0x1ffff020       0x24 ./Generated_Code/PE_LDD.o
                0x1ffff020                PE_LDD_DeviceDataList
 .bss.ModeFlg   0x1ffff044        0x1 ./Generated_Code/LDRConverter.o
 *fill*         0x1ffff045        0x3 00
 .bss.SampleGroup
                0x1ffff048        0x4 ./Generated_Code/LDRConverter.o
 .bss.OutFlg    0x1ffff04c        0x1 ./Generated_Code/LDRConverter.o
 *fill*         0x1ffff04d        0x3 00
 .bss.DeviceDataPrv__DEFAULT_RTOS_ALLOC
                0x1ffff050        0x4 ./Generated_Code/ExtIntLdd1.o
 .bss.INT_PORTA__DEFAULT_RTOS_ISRPARAM
                0x1ffff054        0x4 ./Generated_Code/ExtIntLdd1.o
 .bss.DeviceDataPrv__DEFAULT_RTOS_ALLOC
                0x1ffff058        0x4 ./Generated_Code/BitIoLdd5.o
 .bss.DeviceDataPrv__DEFAULT_RTOS_ALLOC
                0x1ffff05c        0x4 ./Generated_Code/BitIoLdd4.o
 .bss.DeviceDataPrv__DEFAULT_RTOS_ALLOC
                0x1ffff060        0x4 ./Generated_Code/BitIoLdd3.o
 .bss.DeviceDataPrv__DEFAULT_RTOS_ALLOC
                0x1ffff064        0x4 ./Generated_Code/BitIoLdd2.o
 .bss.DeviceDataPrv__DEFAULT_RTOS_ALLOC
                0x1ffff068        0x4 ./Generated_Code/BitIoLdd1.o
 .bss.DeviceDataPrv__DEFAULT_RTOS_ALLOC
                0x1ffff06c        0x8 ./Generated_Code/AdcLdd1.o
 .bss.INT_ADC0__DEFAULT_RTOS_ISRPARAM
                0x1ffff074        0x4 ./Generated_Code/AdcLdd1.o
 .bss.argv      0x1ffff078        0x4 ./Project_Settings/Startup_Code/__arm_start.o
 .bss.flag_delay2
                0x1ffff07c        0x4 ./Sources/main.o
                0x1ffff07c                flag_delay2
 .bss.flag_delay3
                0x1ffff080        0x4 ./Sources/main.o
                0x1ffff080                flag_delay3
 .bss.flag_delayPisca
                0x1ffff084        0x4 ./Sources/main.o
                0x1ffff084                flag_delayPisca
 .bss.flag_Pisca
                0x1ffff088        0x4 ./Sources/main.o
                0x1ffff088                flag_Pisca
 .bss.flag_isButtonPressed
                0x1ffff08c        0x4 ./Sources/main.o
                0x1ffff08c                flag_isButtonPressed
 .bss.LDRMeasure
                0x1ffff090        0x2 ./Sources/main.o
 *fill*         0x1ffff092        0x2 00
 .bss.LDRMeasureInt
                0x1ffff094        0x4 ./Sources/main.o
                0x1ffff094                LDRMeasureInt
 .bss.isNightFlag
                0x1ffff098        0x4 ./Sources/main.o
                0x1ffff098                isNightFlag
 .bss.countNight
                0x1ffff09c        0x4 ./Sources/main.o
                0x1ffff09c                countNight
 .bss.countDay  0x1ffff0a0        0x4 ./Sources/main.o
                0x1ffff0a0                countDay
 .bss.t         0x1ffff0a4        0x4 ./Sources/Events.o
 .bss.__stdio_exit
                0x1ffff0a8        0x4 C:/Freescale/CW_MCU_v10.6/MCU/ARM_GCC_Support/ewl/lib/armv6-m\libc.a(exit.o)
                0x1ffff0a8                __stdio_exit
 .bss.__console_exit
                0x1ffff0ac        0x4 C:/Freescale/CW_MCU_v10.6/MCU/ARM_GCC_Support/ewl/lib/armv6-m\libc.a(exit.o)
                0x1ffff0ac                __console_exit
 .bss.__S_romp  0x1ffff0b0        0xc C:/Freescale/CW_MCU_v10.6/MCU/ARM_GCC_Support/ewl/lib/armv6-m\librt.a(ROMCopy.o)
 .bss.__global_destructor_chain
                0x1ffff0bc        0x4 C:/Freescale/CW_MCU_v10.6/MCU/ARM_GCC_Support/ewl/lib/armv6-m\librt.a(__arm_eabi_init.o)
                0x1ffff0bc                __global_destructor_chain
 *(COMMON)
 COMMON         0x1ffff0c0        0x5 ./Generated_Code/LDRConverter.o
                0x1ffff0c0                AdcLdd1_DeviceDataPtr
                0x1ffff0c4                LDRConverter_OutV
                0x1ffff0c8                . = ALIGN (0x4)
 *fill*         0x1ffff0c5        0x3 00
                0x1ffff0c8                __END_BSS = .
                0x1ffff0c8                PROVIDE (__bss_end__, __END_BSS)
                0x00002748                _romp_at = (___ROM_AT + SIZEOF (.data))

.romp           0x1ffff0c8       0x18 load address 0x00002748
                0x00002748                __S_romp = _romp_at
                0x1ffff0c8        0x4 LONG 0x2740 ___ROM_AT
                0x1ffff0cc        0x4 LONG 0x1ffff000 _sdata
                0x1ffff0d0        0x4 LONG 0x8 ___data_size
                0x1ffff0d4        0x4 LONG 0x0
                0x1ffff0d8        0x4 LONG 0x0
                0x1ffff0dc        0x4 LONG 0x0

._user_heap_stack
                0x1ffff0e0      0x400 load address 0x00002760
                0x1ffff0e0                . = ALIGN (0x4)
                0x1ffff0e0                PROVIDE (end, .)
                0x1ffff0e0                PROVIDE (_end, .)
                0x1ffff0e0                __heap_addr = .
                0x1ffff0e0                . = (. + __heap_size)
                0x1ffff4e0                . = (. + __stack_size)
 *fill*         0x1ffff0e0      0x400 00
                0x1ffff4e0                . = ALIGN (0x4)

.ARM.attributes
                0x00000000       0x31
 *(.ARM.attributes)
 .ARM.attributes
                0x00000000       0x31 ./Generated_Code/Vectors.o
 .ARM.attributes
                0x00000031       0x31 ./Generated_Code/TimerIntLdd1.o
 .ARM.attributes
                0x00000062       0x31 ./Generated_Code/TU1.o
 .ARM.attributes
                0x00000093       0x31 ./Generated_Code/TIMER2.o
 .ARM.attributes
                0x000000c4       0x31 ./Generated_Code/PE_LDD.o
 .ARM.attributes
                0x000000f5       0x31 ./Generated_Code/LDRConverter.o
 .ARM.attributes
                0x00000126       0x31 ./Generated_Code/ExtIntLdd1.o
 .ARM.attributes
                0x00000157       0x31 ./Generated_Code/Cpu.o
 .ARM.attributes
                0x00000188       0x31 ./Generated_Code/BitIoLdd5.o
 .ARM.attributes
                0x000001b9       0x31 ./Generated_Code/BitIoLdd4.o
 .ARM.attributes
                0x000001ea       0x31 ./Generated_Code/BitIoLdd3.o
 .ARM.attributes
                0x0000021b       0x31 ./Generated_Code/BitIoLdd2.o
 .ARM.attributes
                0x0000024c       0x31 ./Generated_Code/BitIoLdd1.o
 .ARM.attributes
                0x0000027d       0x31 ./Generated_Code/BOTON.o
 .ARM.attributes
                0x000002ae       0x31 ./Generated_Code/AdcLdd1.o
 .ARM.attributes
                0x000002df       0x31 ./Project_Settings/Startup_Code/__arm_start.o
 .ARM.attributes
                0x00000310       0x31 ./Project_Settings/Startup_Code/__arm_end.o
 .ARM.attributes
                0x00000341       0x31 ./Sources/main.o
 .ARM.attributes
                0x00000372       0x31 ./Sources/Events.o
 .ARM.attributes
                0x000003a3       0x31 C:/Freescale/CW_MCU_v10.6/MCU/ARM_GCC_Support/ewl/lib/armv6-m\libc.a(exit.o)
 .ARM.attributes
                0x000003d4       0x31 C:/Freescale/CW_MCU_v10.6/MCU/ARM_GCC_Support/ewl/lib/armv6-m\libc.a(memset.o)
 .ARM.attributes
                0x00000405       0x31 C:/Freescale/CW_MCU_v10.6/MCU/ARM_GCC_Support/ewl/lib/armv6-m\libc.a(printformat_.o)
 .ARM.attributes
                0x00000436       0x31 C:/Freescale/CW_MCU_v10.6/MCU/ARM_GCC_Support/ewl/lib/armv6-m\libc.a(scanformat_.o)
 .ARM.attributes
                0x00000467       0x31 C:/Freescale/CW_MCU_v10.6/MCU/ARM_GCC_Support/ewl/lib/armv6-m\libc.a(ctype_aeabi.o)
 .ARM.attributes
                0x00000498       0x31 C:/Freescale/CW_MCU_v10.6/MCU/ARM_GCC_Support/ewl/lib/armv6-m\libc.a(__strtoul.o)
 .ARM.attributes
                0x000004c9       0x31 C:/Freescale/CW_MCU_v10.6/MCU/ARM_GCC_Support/ewl/lib/armv6-m\libc.a(__filll_mem.o)
 .ARM.attributes
                0x000004fa       0x31 C:/Freescale/CW_MCU_v10.6/MCU/ARM_GCC_Support/ewl/lib/armv6-m\libc.a(memchr.o)
 .ARM.attributes
                0x0000052b       0x31 C:/Freescale/CW_MCU_v10.6/MCU/ARM_GCC_Support/ewl/lib/armv6-m\libc.a(memcpy.o)
 .ARM.attributes
                0x0000055c       0x31 C:/Freescale/CW_MCU_v10.6/MCU/ARM_GCC_Support/ewl/lib/armv6-m\libc.a(strchr.o)
 .ARM.attributes
                0x0000058d       0x31 C:/Freescale/CW_MCU_v10.6/MCU/ARM_GCC_Support/ewl/lib/armv6-m\libc.a(strlen.o)
 .ARM.attributes
                0x000005be       0x1e c:/freescale/cw_mcu_v10.6/cross_tools/arm-none-eabi-gcc-4_7_3/bin/../lib/gcc/arm-none-eabi/4.7.3/armv6-m\libgcc.a(_thumb1_case_sqi.o)
 .ARM.attributes
                0x000005dc       0x1e c:/freescale/cw_mcu_v10.6/cross_tools/arm-none-eabi-gcc-4_7_3/bin/../lib/gcc/arm-none-eabi/4.7.3/armv6-m\libgcc.a(_thumb1_case_uqi.o)
 .ARM.attributes
                0x000005fa       0x1e c:/freescale/cw_mcu_v10.6/cross_tools/arm-none-eabi-gcc-4_7_3/bin/../lib/gcc/arm-none-eabi/4.7.3/armv6-m\libgcc.a(_udivsi3.o)
 .ARM.attributes
                0x00000618       0x1e c:/freescale/cw_mcu_v10.6/cross_tools/arm-none-eabi-gcc-4_7_3/bin/../lib/gcc/arm-none-eabi/4.7.3/armv6-m\libgcc.a(_divsi3.o)
 .ARM.attributes
                0x00000636       0x1e c:/freescale/cw_mcu_v10.6/cross_tools/arm-none-eabi-gcc-4_7_3/bin/../lib/gcc/arm-none-eabi/4.7.3/armv6-m\libgcc.a(_dvmd_tls.o)
 .ARM.attributes
                0x00000654       0x31 C:/Freescale/CW_MCU_v10.6/MCU/ARM_GCC_Support/ewl/lib/armv6-m\librt.a(gcc_ctor_dtor.o)
 .ARM.attributes
                0x00000685       0x31 C:/Freescale/CW_MCU_v10.6/MCU/ARM_GCC_Support/ewl/lib/armv6-m\librt.a(ROMCopy.o)
 .ARM.attributes
                0x000006b6       0x31 C:/Freescale/CW_MCU_v10.6/MCU/ARM_GCC_Support/ewl/lib/armv6-m\librt.a(__arm_eabi_init.o)
OUTPUT(Semaforo.elf elf32-littlearm)

.debug_info     0x00000000     0x58fd
 .debug_info    0x00000000      0x104 ./Generated_Code/Vectors.o
 .debug_info    0x00000104      0x202 ./Generated_Code/TimerIntLdd1.o
 .debug_info    0x00000306      0x55c ./Generated_Code/TU1.o
 .debug_info    0x00000862       0xa7 ./Generated_Code/TIMER2.o
 .debug_info    0x00000909      0x24e ./Generated_Code/PE_LDD.o
 .debug_info    0x00000b57      0x2a1 ./Generated_Code/LDRConverter.o
 .debug_info    0x00000df8      0x3f9 ./Generated_Code/ExtIntLdd1.o
 .debug_info    0x000011f1      0x960 ./Generated_Code/Cpu.o
 .debug_info    0x00001b51      0x395 ./Generated_Code/BitIoLdd5.o
 .debug_info    0x00001ee6      0x3d3 ./Generated_Code/BitIoLdd4.o
 .debug_info    0x000022b9      0x3c3 ./Generated_Code/BitIoLdd3.o
 .debug_info    0x0000267c      0x3c3 ./Generated_Code/BitIoLdd2.o
 .debug_info    0x00002a3f      0x3c3 ./Generated_Code/BitIoLdd1.o
 .debug_info    0x00002e02       0xa7 ./Generated_Code/BOTON.o
 .debug_info    0x00002ea9      0x969 ./Generated_Code/AdcLdd1.o
 .debug_info    0x00003812      0x12a ./Project_Settings/Startup_Code/__arm_start.o
 .debug_info    0x0000393c       0x54 ./Project_Settings/Startup_Code/__arm_end.o
 .debug_info    0x00003990      0x192 ./Sources/main.o
 .debug_info    0x00003b22      0x1c3 ./Sources/Events.o
 .debug_info    0x00003ce5       0xe8 C:/Freescale/CW_MCU_v10.6/MCU/ARM_GCC_Support/ewl/lib/armv6-m\libc.a(exit.o)
 .debug_info    0x00003dcd       0xec C:/Freescale/CW_MCU_v10.6/MCU/ARM_GCC_Support/ewl/lib/armv6-m\libc.a(memset.o)
 .debug_info    0x00003eb9      0x50d C:/Freescale/CW_MCU_v10.6/MCU/ARM_GCC_Support/ewl/lib/armv6-m\libc.a(printformat_.o)
 .debug_info    0x000043c6      0x568 C:/Freescale/CW_MCU_v10.6/MCU/ARM_GCC_Support/ewl/lib/armv6-m\libc.a(scanformat_.o)
 .debug_info    0x0000492e      0x313 C:/Freescale/CW_MCU_v10.6/MCU/ARM_GCC_Support/ewl/lib/armv6-m\libc.a(ctype_aeabi.o)
 .debug_info    0x00004c41      0x1d6 C:/Freescale/CW_MCU_v10.6/MCU/ARM_GCC_Support/ewl/lib/armv6-m\libc.a(__strtoul.o)
 .debug_info    0x00004e17      0x137 C:/Freescale/CW_MCU_v10.6/MCU/ARM_GCC_Support/ewl/lib/armv6-m\libc.a(__filll_mem.o)
 .debug_info    0x00004f4e      0x121 C:/Freescale/CW_MCU_v10.6/MCU/ARM_GCC_Support/ewl/lib/armv6-m\libc.a(memchr.o)
 .debug_info    0x0000506f      0x10f C:/Freescale/CW_MCU_v10.6/MCU/ARM_GCC_Support/ewl/lib/armv6-m\libc.a(memcpy.o)
 .debug_info    0x0000517e      0x10b C:/Freescale/CW_MCU_v10.6/MCU/ARM_GCC_Support/ewl/lib/armv6-m\libc.a(strchr.o)
 .debug_info    0x00005289       0xea C:/Freescale/CW_MCU_v10.6/MCU/ARM_GCC_Support/ewl/lib/armv6-m\libc.a(strlen.o)
 .debug_info    0x00005373      0x136 C:/Freescale/CW_MCU_v10.6/MCU/ARM_GCC_Support/ewl/lib/armv6-m\librt.a(gcc_ctor_dtor.o)
 .debug_info    0x000054a9      0x19b C:/Freescale/CW_MCU_v10.6/MCU/ARM_GCC_Support/ewl/lib/armv6-m\librt.a(ROMCopy.o)
 .debug_info    0x00005644      0x2b9 C:/Freescale/CW_MCU_v10.6/MCU/ARM_GCC_Support/ewl/lib/armv6-m\librt.a(__arm_eabi_init.o)

.debug_abbrev   0x00000000     0x1e45
 .debug_abbrev  0x00000000       0xa3 ./Generated_Code/Vectors.o
 .debug_abbrev  0x000000a3       0xd2 ./Generated_Code/TimerIntLdd1.o
 .debug_abbrev  0x00000175      0x143 ./Generated_Code/TU1.o
 .debug_abbrev  0x000002b8       0x60 ./Generated_Code/TIMER2.o
 .debug_abbrev  0x00000318      0x102 ./Generated_Code/PE_LDD.o
 .debug_abbrev  0x0000041a      0x143 ./Generated_Code/LDRConverter.o
 .debug_abbrev  0x0000055d      0x134 ./Generated_Code/ExtIntLdd1.o
 .debug_abbrev  0x00000691      0x122 ./Generated_Code/Cpu.o
 .debug_abbrev  0x000007b3      0x12b ./Generated_Code/BitIoLdd5.o
 .debug_abbrev  0x000008de      0x151 ./Generated_Code/BitIoLdd4.o
 .debug_abbrev  0x00000a2f      0x151 ./Generated_Code/BitIoLdd3.o
 .debug_abbrev  0x00000b80      0x151 ./Generated_Code/BitIoLdd2.o
 .debug_abbrev  0x00000cd1      0x151 ./Generated_Code/BitIoLdd1.o
 .debug_abbrev  0x00000e22       0x60 ./Generated_Code/BOTON.o
 .debug_abbrev  0x00000e82      0x1a6 ./Generated_Code/AdcLdd1.o
 .debug_abbrev  0x00001028       0x92 ./Project_Settings/Startup_Code/__arm_start.o
 .debug_abbrev  0x000010ba       0x4c ./Project_Settings/Startup_Code/__arm_end.o
 .debug_abbrev  0x00001106       0x9d ./Sources/main.o
 .debug_abbrev  0x000011a3       0x74 ./Sources/Events.o
 .debug_abbrev  0x00001217       0x7a C:/Freescale/CW_MCU_v10.6/MCU/ARM_GCC_Support/ewl/lib/armv6-m\libc.a(exit.o)
 .debug_abbrev  0x00001291       0x62 C:/Freescale/CW_MCU_v10.6/MCU/ARM_GCC_Support/ewl/lib/armv6-m\libc.a(memset.o)
 .debug_abbrev  0x000012f3      0x200 C:/Freescale/CW_MCU_v10.6/MCU/ARM_GCC_Support/ewl/lib/armv6-m\libc.a(printformat_.o)
 .debug_abbrev  0x000014f3      0x1f0 C:/Freescale/CW_MCU_v10.6/MCU/ARM_GCC_Support/ewl/lib/armv6-m\libc.a(scanformat_.o)
 .debug_abbrev  0x000016e3       0x9e C:/Freescale/CW_MCU_v10.6/MCU/ARM_GCC_Support/ewl/lib/armv6-m\libc.a(ctype_aeabi.o)
 .debug_abbrev  0x00001781       0xc2 C:/Freescale/CW_MCU_v10.6/MCU/ARM_GCC_Support/ewl/lib/armv6-m\libc.a(__strtoul.o)
 .debug_abbrev  0x00001843       0x78 C:/Freescale/CW_MCU_v10.6/MCU/ARM_GCC_Support/ewl/lib/armv6-m\libc.a(__filll_mem.o)
 .debug_abbrev  0x000018bb       0x95 C:/Freescale/CW_MCU_v10.6/MCU/ARM_GCC_Support/ewl/lib/armv6-m\libc.a(memchr.o)
 .debug_abbrev  0x00001950       0x95 C:/Freescale/CW_MCU_v10.6/MCU/ARM_GCC_Support/ewl/lib/armv6-m\libc.a(memcpy.o)
 .debug_abbrev  0x000019e5       0x7a C:/Freescale/CW_MCU_v10.6/MCU/ARM_GCC_Support/ewl/lib/armv6-m\libc.a(strchr.o)
 .debug_abbrev  0x00001a5f       0x7a C:/Freescale/CW_MCU_v10.6/MCU/ARM_GCC_Support/ewl/lib/armv6-m\libc.a(strlen.o)
 .debug_abbrev  0x00001ad9       0x99 C:/Freescale/CW_MCU_v10.6/MCU/ARM_GCC_Support/ewl/lib/armv6-m\librt.a(gcc_ctor_dtor.o)
 .debug_abbrev  0x00001b72      0x120 C:/Freescale/CW_MCU_v10.6/MCU/ARM_GCC_Support/ewl/lib/armv6-m\librt.a(ROMCopy.o)
 .debug_abbrev  0x00001c92      0x1b3 C:/Freescale/CW_MCU_v10.6/MCU/ARM_GCC_Support/ewl/lib/armv6-m\librt.a(__arm_eabi_init.o)

.debug_aranges  0x00000000      0x6b8
 .debug_aranges
                0x00000000       0x18 ./Generated_Code/Vectors.o
 .debug_aranges
                0x00000018       0x38 ./Generated_Code/TimerIntLdd1.o
 .debug_aranges
                0x00000050       0x38 ./Generated_Code/TU1.o
 .debug_aranges
                0x00000088       0x20 ./Generated_Code/TIMER2.o
 .debug_aranges
                0x000000a8       0x30 ./Generated_Code/PE_LDD.o
 .debug_aranges
                0x000000d8       0x58 ./Generated_Code/LDRConverter.o
 .debug_aranges
                0x00000130       0x40 ./Generated_Code/ExtIntLdd1.o
 .debug_aranges
                0x00000170       0x38 ./Generated_Code/Cpu.o
 .debug_aranges
                0x000001a8       0x40 ./Generated_Code/BitIoLdd5.o
 .debug_aranges
                0x000001e8       0x48 ./Generated_Code/BitIoLdd4.o
 .debug_aranges
                0x00000230       0x48 ./Generated_Code/BitIoLdd3.o
 .debug_aranges
                0x00000278       0x48 ./Generated_Code/BitIoLdd2.o
 .debug_aranges
                0x000002c0       0x48 ./Generated_Code/BitIoLdd1.o
 .debug_aranges
                0x00000308       0x20 ./Generated_Code/BOTON.o
 .debug_aranges
                0x00000328       0x60 ./Generated_Code/AdcLdd1.o
 .debug_aranges
                0x00000388       0x30 ./Project_Settings/Startup_Code/__arm_start.o
 .debug_aranges
                0x000003b8       0x20 ./Project_Settings/Startup_Code/__arm_end.o
 .debug_aranges
                0x000003d8       0x20 ./Sources/main.o
 .debug_aranges
                0x000003f8       0x40 ./Sources/Events.o
 .debug_aranges
                0x00000438       0x20 C:/Freescale/CW_MCU_v10.6/MCU/ARM_GCC_Support/ewl/lib/armv6-m\libc.a(exit.o)
 .debug_aranges
                0x00000458       0x20 C:/Freescale/CW_MCU_v10.6/MCU/ARM_GCC_Support/ewl/lib/armv6-m\libc.a(memset.o)
 .debug_aranges
                0x00000478       0x28 C:/Freescale/CW_MCU_v10.6/MCU/ARM_GCC_Support/ewl/lib/armv6-m\libc.a(printformat_.o)
 .debug_aranges
                0x000004a0       0x20 C:/Freescale/CW_MCU_v10.6/MCU/ARM_GCC_Support/ewl/lib/armv6-m\libc.a(scanformat_.o)
 .debug_aranges
                0x000004c0       0x88 C:/Freescale/CW_MCU_v10.6/MCU/ARM_GCC_Support/ewl/lib/armv6-m\libc.a(ctype_aeabi.o)
 .debug_aranges
                0x00000548       0x20 C:/Freescale/CW_MCU_v10.6/MCU/ARM_GCC_Support/ewl/lib/armv6-m\libc.a(__strtoul.o)
 .debug_aranges
                0x00000568       0x20 C:/Freescale/CW_MCU_v10.6/MCU/ARM_GCC_Support/ewl/lib/armv6-m\libc.a(__filll_mem.o)
 .debug_aranges
                0x00000588       0x20 C:/Freescale/CW_MCU_v10.6/MCU/ARM_GCC_Support/ewl/lib/armv6-m\libc.a(memchr.o)
 .debug_aranges
                0x000005a8       0x20 C:/Freescale/CW_MCU_v10.6/MCU/ARM_GCC_Support/ewl/lib/armv6-m\libc.a(memcpy.o)
 .debug_aranges
                0x000005c8       0x20 C:/Freescale/CW_MCU_v10.6/MCU/ARM_GCC_Support/ewl/lib/armv6-m\libc.a(strchr.o)
 .debug_aranges
                0x000005e8       0x20 C:/Freescale/CW_MCU_v10.6/MCU/ARM_GCC_Support/ewl/lib/armv6-m\libc.a(strlen.o)
 .debug_aranges
                0x00000608       0x28 C:/Freescale/CW_MCU_v10.6/MCU/ARM_GCC_Support/ewl/lib/armv6-m\librt.a(gcc_ctor_dtor.o)
 .debug_aranges
                0x00000630       0x30 C:/Freescale/CW_MCU_v10.6/MCU/ARM_GCC_Support/ewl/lib/armv6-m\librt.a(ROMCopy.o)
 .debug_aranges
                0x00000660       0x58 C:/Freescale/CW_MCU_v10.6/MCU/ARM_GCC_Support/ewl/lib/armv6-m\librt.a(__arm_eabi_init.o)

.debug_macinfo  0x00000000   0x38766b
 .debug_macinfo
                0x00000000    0x3a13d ./Generated_Code/Vectors.o
 .debug_macinfo
                0x0003a13d    0x2fe21 ./Generated_Code/TimerIntLdd1.o
 .debug_macinfo
                0x00069f5e    0x2fd90 ./Generated_Code/TU1.o
 .debug_macinfo
                0x00099cee    0x3a121 ./Generated_Code/TIMER2.o
 .debug_macinfo
                0x000d3e0f    0x3a0e9 ./Generated_Code/PE_LDD.o
 .debug_macinfo
                0x0010def8    0x3a174 ./Generated_Code/LDRConverter.o
 .debug_macinfo
                0x0014806c    0x324f3 ./Generated_Code/ExtIntLdd1.o
 .debug_macinfo
                0x0017a55f    0x3a13d ./Generated_Code/Cpu.o
 .debug_macinfo
                0x001b469c    0x2ed60 ./Generated_Code/BitIoLdd5.o
 .debug_macinfo
                0x001e33fc    0x2ed81 ./Generated_Code/BitIoLdd4.o
 .debug_macinfo
                0x0021217d    0x2ed7d ./Generated_Code/BitIoLdd3.o
 .debug_macinfo
                0x00240efa    0x2ed7d ./Generated_Code/BitIoLdd2.o
 .debug_macinfo
                0x0026fc77    0x2ed81 ./Generated_Code/BitIoLdd1.o
 .debug_macinfo
                0x0029e9f8    0x3a121 ./Generated_Code/BOTON.o
 .debug_macinfo
                0x002d8b19    0x3345d ./Generated_Code/AdcLdd1.o
 .debug_macinfo
                0x0030bf76     0x3e6d ./Project_Settings/Startup_Code/__arm_start.o
 .debug_macinfo
                0x0030fde3     0x3456 ./Project_Settings/Startup_Code/__arm_end.o
 .debug_macinfo
                0x00313239    0x3a311 ./Sources/main.o
 .debug_macinfo
                0x0034d54a    0x3a121 ./Sources/Events.o

.debug_line     0x00000000     0x539c
 .debug_line    0x00000000      0x56b ./Generated_Code/Vectors.o
 .debug_line    0x0000056b      0x2e4 ./Generated_Code/TimerIntLdd1.o
 .debug_line    0x0000084f      0x2d9 ./Generated_Code/TU1.o
 .debug_line    0x00000b28      0x441 ./Generated_Code/TIMER2.o
 .debug_line    0x00000f69      0x3e5 ./Generated_Code/PE_LDD.o
 .debug_line    0x0000134e      0x4f9 ./Generated_Code/LDRConverter.o
 .debug_line    0x00001847      0x2f3 ./Generated_Code/ExtIntLdd1.o
 .debug_line    0x00001b3a      0x5d9 ./Generated_Code/Cpu.o
 .debug_line    0x00002113      0x2d3 ./Generated_Code/BitIoLdd5.o
 .debug_line    0x000023e6      0x2e8 ./Generated_Code/BitIoLdd4.o
 .debug_line    0x000026ce      0x2e4 ./Generated_Code/BitIoLdd3.o
 .debug_line    0x000029b2      0x2e4 ./Generated_Code/BitIoLdd2.o
 .debug_line    0x00002c96      0x2e4 ./Generated_Code/BitIoLdd1.o
 .debug_line    0x00002f7a      0x43f ./Generated_Code/BOTON.o
 .debug_line    0x000033b9      0x36f ./Generated_Code/AdcLdd1.o
 .debug_line    0x00003728      0x2a4 ./Project_Settings/Startup_Code/__arm_start.o
 .debug_line    0x000039cc      0x266 ./Project_Settings/Startup_Code/__arm_end.o
 .debug_line    0x00003c32      0x438 ./Sources/main.o
 .debug_line    0x0000406a      0x456 ./Sources/Events.o
 .debug_line    0x000044c0       0x8d C:/Freescale/CW_MCU_v10.6/MCU/ARM_GCC_Support/ewl/lib/armv6-m\libc.a(exit.o)
 .debug_line    0x0000454d       0x90 C:/Freescale/CW_MCU_v10.6/MCU/ARM_GCC_Support/ewl/lib/armv6-m\libc.a(memset.o)
 .debug_line    0x000045dd      0x2c3 C:/Freescale/CW_MCU_v10.6/MCU/ARM_GCC_Support/ewl/lib/armv6-m\libc.a(printformat_.o)
 .debug_line    0x000048a0      0x2be C:/Freescale/CW_MCU_v10.6/MCU/ARM_GCC_Support/ewl/lib/armv6-m\libc.a(scanformat_.o)
 .debug_line    0x00004b5e      0x1be C:/Freescale/CW_MCU_v10.6/MCU/ARM_GCC_Support/ewl/lib/armv6-m\libc.a(ctype_aeabi.o)
 .debug_line    0x00004d1c      0x11e C:/Freescale/CW_MCU_v10.6/MCU/ARM_GCC_Support/ewl/lib/armv6-m\libc.a(__strtoul.o)
 .debug_line    0x00004e3a       0xf6 C:/Freescale/CW_MCU_v10.6/MCU/ARM_GCC_Support/ewl/lib/armv6-m\libc.a(__filll_mem.o)
 .debug_line    0x00004f30       0x9f C:/Freescale/CW_MCU_v10.6/MCU/ARM_GCC_Support/ewl/lib/armv6-m\libc.a(memchr.o)
 .debug_line    0x00004fcf       0x8b C:/Freescale/CW_MCU_v10.6/MCU/ARM_GCC_Support/ewl/lib/armv6-m\libc.a(memcpy.o)
 .debug_line    0x0000505a       0x7d C:/Freescale/CW_MCU_v10.6/MCU/ARM_GCC_Support/ewl/lib/armv6-m\libc.a(strchr.o)
 .debug_line    0x000050d7       0x85 C:/Freescale/CW_MCU_v10.6/MCU/ARM_GCC_Support/ewl/lib/armv6-m\libc.a(strlen.o)
 .debug_line    0x0000515c       0x6c C:/Freescale/CW_MCU_v10.6/MCU/ARM_GCC_Support/ewl/lib/armv6-m\librt.a(gcc_ctor_dtor.o)
 .debug_line    0x000051c8       0xbd C:/Freescale/CW_MCU_v10.6/MCU/ARM_GCC_Support/ewl/lib/armv6-m\librt.a(ROMCopy.o)
 .debug_line    0x00005285      0x117 C:/Freescale/CW_MCU_v10.6/MCU/ARM_GCC_Support/ewl/lib/armv6-m\librt.a(__arm_eabi_init.o)

.debug_str      0x00000000     0x1a3e
 .debug_str     0x00000000      0x149 ./Generated_Code/Vectors.o
                                0x175 (size before relaxing)
 .debug_str     0x00000149      0x12e ./Generated_Code/TimerIntLdd1.o
                                0x253 (size before relaxing)
 .debug_str     0x00000277      0x1cf ./Generated_Code/TU1.o
                                0x381 (size before relaxing)
 .debug_str     0x00000446       0x34 ./Generated_Code/TIMER2.o
                                0x165 (size before relaxing)
 .debug_str     0x0000047a      0x172 ./Generated_Code/PE_LDD.o
                                0x2d8 (size before relaxing)
 .debug_str     0x000005ec      0x166 ./Generated_Code/LDRConverter.o
                                0x2cd (size before relaxing)
 .debug_str     0x00000752      0x117 ./Generated_Code/ExtIntLdd1.o
                                0x341 (size before relaxing)
 .debug_str     0x00000869      0x18c ./Generated_Code/Cpu.o
                                0x45d (size before relaxing)
 .debug_str     0x000009f5       0xbf ./Generated_Code/BitIoLdd5.o
                                0x2da (size before relaxing)
 .debug_str     0x00000ab4       0xba ./Generated_Code/BitIoLdd4.o
                                0x2f2 (size before relaxing)
 .debug_str     0x00000b6e       0xb1 ./Generated_Code/BitIoLdd3.o
                                0x2f2 (size before relaxing)
 .debug_str     0x00000c1f       0xb1 ./Generated_Code/BitIoLdd2.o
                                0x2f2 (size before relaxing)
 .debug_str     0x00000cd0       0xb1 ./Generated_Code/BitIoLdd1.o
                                0x2f2 (size before relaxing)
 .debug_str     0x00000d81       0x31 ./Generated_Code/BOTON.o
                                0x162 (size before relaxing)
 .debug_str     0x00000db2      0x223 ./Generated_Code/AdcLdd1.o
                                0x59b (size before relaxing)
 .debug_str     0x00000fd5       0x85 ./Project_Settings/Startup_Code/__arm_start.o
                                0x1a3 (size before relaxing)
 .debug_str     0x0000105a       0x41 ./Project_Settings/Startup_Code/__arm_end.o
                                 0xda (size before relaxing)
 .debug_str     0x0000109b       0xae ./Sources/main.o
                                0x1f4 (size before relaxing)
 .debug_str     0x00001149       0x77 ./Sources/Events.o
                                0x21a (size before relaxing)
 .debug_str     0x000011c0       0x54 C:/Freescale/CW_MCU_v10.6/MCU/ARM_GCC_Support/ewl/lib/armv6-m\libc.a(exit.o)
                                0x157 (size before relaxing)
 .debug_str     0x00001214       0x23 C:/Freescale/CW_MCU_v10.6/MCU/ARM_GCC_Support/ewl/lib/armv6-m\libc.a(memset.o)
                                0x140 (size before relaxing)
 .debug_str     0x00001237      0x23b C:/Freescale/CW_MCU_v10.6/MCU/ARM_GCC_Support/ewl/lib/armv6-m\libc.a(printformat_.o)
                                0x3b3 (size before relaxing)
 .debug_str     0x00001472      0x184 C:/Freescale/CW_MCU_v10.6/MCU/ARM_GCC_Support/ewl/lib/armv6-m\libc.a(scanformat_.o)
                                0x3f9 (size before relaxing)
 .debug_str     0x000015f6       0x9d C:/Freescale/CW_MCU_v10.6/MCU/ARM_GCC_Support/ewl/lib/armv6-m\libc.a(ctype_aeabi.o)
                                0x1bc (size before relaxing)
 .debug_str     0x00001693       0x61 C:/Freescale/CW_MCU_v10.6/MCU/ARM_GCC_Support/ewl/lib/armv6-m\libc.a(__strtoul.o)
                                0x1fb (size before relaxing)
 .debug_str     0x000016f4       0x25 C:/Freescale/CW_MCU_v10.6/MCU/ARM_GCC_Support/ewl/lib/armv6-m\libc.a(__filll_mem.o)
                                0x152 (size before relaxing)
 .debug_str     0x00001719       0x1c C:/Freescale/CW_MCU_v10.6/MCU/ARM_GCC_Support/ewl/lib/armv6-m\libc.a(memchr.o)
                                0x148 (size before relaxing)
 .debug_str     0x00001735       0x1c C:/Freescale/CW_MCU_v10.6/MCU/ARM_GCC_Support/ewl/lib/armv6-m\libc.a(memcpy.o)
                                0x138 (size before relaxing)
 .debug_str     0x00001751       0x1c C:/Freescale/CW_MCU_v10.6/MCU/ARM_GCC_Support/ewl/lib/armv6-m\libc.a(strchr.o)
                                0x137 (size before relaxing)
 .debug_str     0x0000176d       0x1c C:/Freescale/CW_MCU_v10.6/MCU/ARM_GCC_Support/ewl/lib/armv6-m\libc.a(strlen.o)
                                0x140 (size before relaxing)
 .debug_str     0x00001789      0x126 C:/Freescale/CW_MCU_v10.6/MCU/ARM_GCC_Support/ewl/lib/armv6-m\librt.a(gcc_ctor_dtor.o)
                                0x181 (size before relaxing)
 .debug_str     0x000018af       0xa1 C:/Freescale/CW_MCU_v10.6/MCU/ARM_GCC_Support/ewl/lib/armv6-m\librt.a(ROMCopy.o)
                                0x13c (size before relaxing)
 .debug_str     0x00001950       0xee C:/Freescale/CW_MCU_v10.6/MCU/ARM_GCC_Support/ewl/lib/armv6-m\librt.a(__arm_eabi_init.o)
                                0x1b5 (size before relaxing)

.comment        0x00000000       0x79
 .comment       0x00000000       0x79 ./Generated_Code/Vectors.o
                                 0x7a (size before relaxing)
 .comment       0x00000000       0x7a ./Generated_Code/TimerIntLdd1.o
 .comment       0x00000000       0x7a ./Generated_Code/TU1.o
 .comment       0x00000000       0x7a ./Generated_Code/TIMER2.o
 .comment       0x00000000       0x7a ./Generated_Code/PE_LDD.o
 .comment       0x00000000       0x7a ./Generated_Code/LDRConverter.o
 .comment       0x00000000       0x7a ./Generated_Code/ExtIntLdd1.o
 .comment       0x00000000       0x7a ./Generated_Code/Cpu.o
 .comment       0x00000000       0x7a ./Generated_Code/BitIoLdd5.o
 .comment       0x00000000       0x7a ./Generated_Code/BitIoLdd4.o
 .comment       0x00000000       0x7a ./Generated_Code/BitIoLdd3.o
 .comment       0x00000000       0x7a ./Generated_Code/BitIoLdd2.o
 .comment       0x00000000       0x7a ./Generated_Code/BitIoLdd1.o
 .comment       0x00000000       0x7a ./Generated_Code/BOTON.o
 .comment       0x00000000       0x7a ./Generated_Code/AdcLdd1.o
 .comment       0x00000000       0x7a ./Project_Settings/Startup_Code/__arm_start.o
 .comment       0x00000000       0x7a ./Project_Settings/Startup_Code/__arm_end.o
 .comment       0x00000000       0x7a ./Sources/main.o
 .comment       0x00000000       0x7a ./Sources/Events.o
 .comment       0x00000000       0x7a C:/Freescale/CW_MCU_v10.6/MCU/ARM_GCC_Support/ewl/lib/armv6-m\libc.a(exit.o)
 .comment       0x00000000       0x7a C:/Freescale/CW_MCU_v10.6/MCU/ARM_GCC_Support/ewl/lib/armv6-m\libc.a(memset.o)
 .comment       0x00000000       0x7a C:/Freescale/CW_MCU_v10.6/MCU/ARM_GCC_Support/ewl/lib/armv6-m\libc.a(printformat_.o)
 .comment       0x00000000       0x7a C:/Freescale/CW_MCU_v10.6/MCU/ARM_GCC_Support/ewl/lib/armv6-m\libc.a(scanformat_.o)
 .comment       0x00000000       0x7a C:/Freescale/CW_MCU_v10.6/MCU/ARM_GCC_Support/ewl/lib/armv6-m\libc.a(ctype_aeabi.o)
 .comment       0x00000000       0x7a C:/Freescale/CW_MCU_v10.6/MCU/ARM_GCC_Support/ewl/lib/armv6-m\libc.a(__strtoul.o)
 .comment       0x00000000       0x7a C:/Freescale/CW_MCU_v10.6/MCU/ARM_GCC_Support/ewl/lib/armv6-m\libc.a(__filll_mem.o)
 .comment       0x00000000       0x7a C:/Freescale/CW_MCU_v10.6/MCU/ARM_GCC_Support/ewl/lib/armv6-m\libc.a(memchr.o)
 .comment       0x00000000       0x7a C:/Freescale/CW_MCU_v10.6/MCU/ARM_GCC_Support/ewl/lib/armv6-m\libc.a(memcpy.o)
 .comment       0x00000000       0x7a C:/Freescale/CW_MCU_v10.6/MCU/ARM_GCC_Support/ewl/lib/armv6-m\libc.a(strchr.o)
 .comment       0x00000000       0x7a C:/Freescale/CW_MCU_v10.6/MCU/ARM_GCC_Support/ewl/lib/armv6-m\libc.a(strlen.o)
 .comment       0x00000000       0x7a C:/Freescale/CW_MCU_v10.6/MCU/ARM_GCC_Support/ewl/lib/armv6-m\librt.a(gcc_ctor_dtor.o)
 .comment       0x00000000       0x7a C:/Freescale/CW_MCU_v10.6/MCU/ARM_GCC_Support/ewl/lib/armv6-m\librt.a(ROMCopy.o)
 .comment       0x00000000       0x7a C:/Freescale/CW_MCU_v10.6/MCU/ARM_GCC_Support/ewl/lib/armv6-m\librt.a(__arm_eabi_init.o)

.debug_loc      0x00000000     0x36e3
 .debug_loc     0x00000000       0xe0 ./Generated_Code/TimerIntLdd1.o
 .debug_loc     0x000000e0       0xe0 ./Generated_Code/TU1.o
 .debug_loc     0x000001c0       0x38 ./Generated_Code/TIMER2.o
 .debug_loc     0x000001f8       0x9c ./Generated_Code/PE_LDD.o
 .debug_loc     0x00000294      0x1a8 ./Generated_Code/LDRConverter.o
 .debug_loc     0x0000043c      0x118 ./Generated_Code/ExtIntLdd1.o
 .debug_loc     0x00000554       0xb0 ./Generated_Code/Cpu.o
 .debug_loc     0x00000604      0x118 ./Generated_Code/BitIoLdd5.o
 .debug_loc     0x0000071c      0x150 ./Generated_Code/BitIoLdd4.o
 .debug_loc     0x0000086c      0x150 ./Generated_Code/BitIoLdd3.o
 .debug_loc     0x000009bc      0x150 ./Generated_Code/BitIoLdd2.o
 .debug_loc     0x00000b0c      0x150 ./Generated_Code/BitIoLdd1.o
 .debug_loc     0x00000c5c       0x38 ./Generated_Code/BOTON.o
 .debug_loc     0x00000c94      0x1f8 ./Generated_Code/AdcLdd1.o
 .debug_loc     0x00000e8c       0x2c ./Project_Settings/Startup_Code/__arm_start.o
 .debug_loc     0x00000eb8       0x38 ./Project_Settings/Startup_Code/__arm_end.o
 .debug_loc     0x00000ef0       0x2c ./Sources/main.o
 .debug_loc     0x00000f1c       0xdc ./Sources/Events.o
 .debug_loc     0x00000ff8       0x3e C:/Freescale/CW_MCU_v10.6/MCU/ARM_GCC_Support/ewl/lib/armv6-m\libc.a(exit.o)
 .debug_loc     0x00001036       0x6f C:/Freescale/CW_MCU_v10.6/MCU/ARM_GCC_Support/ewl/lib/armv6-m\libc.a(memset.o)
 .debug_loc     0x000010a5     0x104b C:/Freescale/CW_MCU_v10.6/MCU/ARM_GCC_Support/ewl/lib/armv6-m\libc.a(printformat_.o)
 .debug_loc     0x000020f0      0x9d8 C:/Freescale/CW_MCU_v10.6/MCU/ARM_GCC_Support/ewl/lib/armv6-m\libc.a(scanformat_.o)
 .debug_loc     0x00002ac8      0x30d C:/Freescale/CW_MCU_v10.6/MCU/ARM_GCC_Support/ewl/lib/armv6-m\libc.a(ctype_aeabi.o)
 .debug_loc     0x00002dd5      0x305 C:/Freescale/CW_MCU_v10.6/MCU/ARM_GCC_Support/ewl/lib/armv6-m\libc.a(__strtoul.o)
 .debug_loc     0x000030da      0x14a C:/Freescale/CW_MCU_v10.6/MCU/ARM_GCC_Support/ewl/lib/armv6-m\libc.a(__filll_mem.o)
 .debug_loc     0x00003224       0x77 C:/Freescale/CW_MCU_v10.6/MCU/ARM_GCC_Support/ewl/lib/armv6-m\libc.a(memchr.o)
 .debug_loc     0x0000329b       0x59 C:/Freescale/CW_MCU_v10.6/MCU/ARM_GCC_Support/ewl/lib/armv6-m\libc.a(memcpy.o)
 .debug_loc     0x000032f4       0xaf C:/Freescale/CW_MCU_v10.6/MCU/ARM_GCC_Support/ewl/lib/armv6-m\libc.a(strchr.o)
 .debug_loc     0x000033a3       0x33 C:/Freescale/CW_MCU_v10.6/MCU/ARM_GCC_Support/ewl/lib/armv6-m\libc.a(strlen.o)
 .debug_loc     0x000033d6       0x9d C:/Freescale/CW_MCU_v10.6/MCU/ARM_GCC_Support/ewl/lib/armv6-m\librt.a(gcc_ctor_dtor.o)
 .debug_loc     0x00003473       0xd9 C:/Freescale/CW_MCU_v10.6/MCU/ARM_GCC_Support/ewl/lib/armv6-m\librt.a(ROMCopy.o)
 .debug_loc     0x0000354c      0x197 C:/Freescale/CW_MCU_v10.6/MCU/ARM_GCC_Support/ewl/lib/armv6-m\librt.a(__arm_eabi_init.o)

.debug_frame    0x00000000      0xf48
 .debug_frame   0x00000000       0x90 ./Generated_Code/TimerIntLdd1.o
 .debug_frame   0x00000090       0x90 ./Generated_Code/TU1.o
 .debug_frame   0x00000120       0x30 ./Generated_Code/TIMER2.o
 .debug_frame   0x00000150       0x6c ./Generated_Code/PE_LDD.o
 .debug_frame   0x000001bc      0x108 ./Generated_Code/LDRConverter.o
 .debug_frame   0x000002c4       0xb0 ./Generated_Code/ExtIntLdd1.o
 .debug_frame   0x00000374       0x80 ./Generated_Code/Cpu.o
 .debug_frame   0x000003f4       0xb0 ./Generated_Code/BitIoLdd5.o
 .debug_frame   0x000004a4       0xd0 ./Generated_Code/BitIoLdd4.o
 .debug_frame   0x00000574       0xd0 ./Generated_Code/BitIoLdd3.o
 .debug_frame   0x00000644       0xd0 ./Generated_Code/BitIoLdd2.o
 .debug_frame   0x00000714       0xd0 ./Generated_Code/BitIoLdd1.o
 .debug_frame   0x000007e4       0x30 ./Generated_Code/BOTON.o
 .debug_frame   0x00000814      0x130 ./Generated_Code/AdcLdd1.o
 .debug_frame   0x00000944       0x4c ./Project_Settings/Startup_Code/__arm_start.o
 .debug_frame   0x00000990       0x30 ./Project_Settings/Startup_Code/__arm_end.o
 .debug_frame   0x000009c0       0x2c ./Sources/main.o
 .debug_frame   0x000009ec       0x9c ./Sources/Events.o
 .debug_frame   0x00000a88       0x2c C:/Freescale/CW_MCU_v10.6/MCU/ARM_GCC_Support/ewl/lib/armv6-m\libc.a(exit.o)
 .debug_frame   0x00000ab4       0x28 C:/Freescale/CW_MCU_v10.6/MCU/ARM_GCC_Support/ewl/lib/armv6-m\libc.a(memset.o)
 .debug_frame   0x00000adc       0x54 C:/Freescale/CW_MCU_v10.6/MCU/ARM_GCC_Support/ewl/lib/armv6-m\libc.a(printformat_.o)
 .debug_frame   0x00000b30       0x34 C:/Freescale/CW_MCU_v10.6/MCU/ARM_GCC_Support/ewl/lib/armv6-m\libc.a(scanformat_.o)
 .debug_frame   0x00000b64      0x158 C:/Freescale/CW_MCU_v10.6/MCU/ARM_GCC_Support/ewl/lib/armv6-m\libc.a(ctype_aeabi.o)
 .debug_frame   0x00000cbc       0x30 C:/Freescale/CW_MCU_v10.6/MCU/ARM_GCC_Support/ewl/lib/armv6-m\libc.a(__strtoul.o)
 .debug_frame   0x00000cec       0x2c C:/Freescale/CW_MCU_v10.6/MCU/ARM_GCC_Support/ewl/lib/armv6-m\libc.a(__filll_mem.o)
 .debug_frame   0x00000d18       0x28 C:/Freescale/CW_MCU_v10.6/MCU/ARM_GCC_Support/ewl/lib/armv6-m\libc.a(memchr.o)
 .debug_frame   0x00000d40       0x28 C:/Freescale/CW_MCU_v10.6/MCU/ARM_GCC_Support/ewl/lib/armv6-m\libc.a(memcpy.o)
 .debug_frame   0x00000d68       0x28 C:/Freescale/CW_MCU_v10.6/MCU/ARM_GCC_Support/ewl/lib/armv6-m\libc.a(strchr.o)
 .debug_frame   0x00000d90       0x28 C:/Freescale/CW_MCU_v10.6/MCU/ARM_GCC_Support/ewl/lib/armv6-m\libc.a(strlen.o)
 .debug_frame   0x00000db8       0x20 c:/freescale/cw_mcu_v10.6/cross_tools/arm-none-eabi-gcc-4_7_3/bin/../lib/gcc/arm-none-eabi/4.7.3/armv6-m\libgcc.a(_udivsi3.o)
 .debug_frame   0x00000dd8       0x20 c:/freescale/cw_mcu_v10.6/cross_tools/arm-none-eabi-gcc-4_7_3/bin/../lib/gcc/arm-none-eabi/4.7.3/armv6-m\libgcc.a(_divsi3.o)
 .debug_frame   0x00000df8       0x40 C:/Freescale/CW_MCU_v10.6/MCU/ARM_GCC_Support/ewl/lib/armv6-m\librt.a(gcc_ctor_dtor.o)
 .debug_frame   0x00000e38       0x54 C:/Freescale/CW_MCU_v10.6/MCU/ARM_GCC_Support/ewl/lib/armv6-m\librt.a(ROMCopy.o)
 .debug_frame   0x00000e8c       0xbc C:/Freescale/CW_MCU_v10.6/MCU/ARM_GCC_Support/ewl/lib/armv6-m\librt.a(__arm_eabi_init.o)
